Microchip MPLAB XC8 Compiler V2.45

Linker command line:

-W-3 \
  --edf=/Users/rcaratti/.mchp_packs/Microchip/PIC16Fxxx_DFP/1.6.156/xc8/pic/dat/20231012211500_en.msgs \
  -cn -h+dist/default/production/PIC16F887_cooler_rpm.X.production.sym \
  --cmf=dist/default/production/PIC16F887_cooler_rpm.X.production.cmf -z \
  -Q16F887 -o/tmp/xcVtiLiK8/driver_tmp_3.o --defsym=__MPLAB_BUILD=1 \
  --fixupoverflow=error \
  -Mdist/default/production/PIC16F887_cooler_rpm.X.production.map \
  --md=/tmp/xcVtiLiK8/driver_tmp_0.dat -E1 -ver=XC8 Compiler --acfsm=1493 \
  -ACODE=00h-07FFhx4 -ASTRCODE=00h-01FFFh -ASTRING=00h-0FFhx32 \
  -ACONST=00h-0FFhx32 -AENTRY=00h-0FFhx32 -ACOMMON=070h-07Fh \
  -ABANK0=020h-06Fh -ABANK1=0A0h-0EFh -ABANK2=0110h-016Fh \
  -ABANK3=0190h-01EFh -ARAM=020h-06Fh,0A0h-0EFh,0110h-016Fh,0190h-01EFh \
  -AABS1=020h-07Fh,0A0h-0EFh,0110h-016Fh,0190h-01EFh -ASFR0=00h-01Fh \
  -ASFR1=080h-09Fh -ASFR2=0100h-010Fh -ASFR3=0180h-018Fh \
  -ACONFIG=02007h-02008h -DCONFIG=2 -AIDLOC=02000h-02003h -DIDLOC=2 \
  -AEEDATA=00h-0FFh/02100h -peeprom_data=EEDATA -DEEDATA=2 -DCODE=2 \
  -DSTRCODE=2 -DSTRING=2 -DCONST=2 -DENTRY=2 \
  -preset_vec=00h,intentry,init,end_init -ppowerup=CODE -pcinit=CODE \
  -pfunctab=ENTRY -k /tmp/xcVtiLiK8/driver_tmp_12.o \
  dist/default/production/PIC16F887_cooler_rpm.X.production.o 

Object code version is 3.11

Machine type is 16F887



                Name                               Link     Load   Length Selector   Space Scale
/tmp/xcVtiLiK8/driver_tmp_12.o
                end_init                              0        0        3        0       0
                config                             2007     2007        1        0       4
dist/default/production/PIC16F887_cooler_rpm.X.production.o
                cinit                               7F0      7F0       10      FE0       0
                config                             2007     2007        1        0       4
                text8                               4B0      4B0       2A      960       0
                text7                               4DA      4DA       32      9B4       0
                text6                               5AF      5AF      120      B5E       0
                text5                               457      457       14      8AE       0
                text4                               544      544       6B      A88       0
                text3                               48D      48D       23      91A       0
                text2                               6CF      6CF      121      D9E       0
                text1                               46B      46B       22      8D6       0
                maintext                            50C      50C       38      A18       0
                cstackBANK0                          20       20       12       20       1
                cstackCOMMON                         70       70        E       70       1
                inittext                            446      446       11      88C       0
                dataBANK0                            32       32        8       20       1
                strings                               3        3       19        6       0
                idataBANK0                          43E      43E        8      87C       0

TOTAL           Name                               Link     Load   Length     Space
        CLASS   CODE           
                end_init                              0        0        3         0
                cinit                               7F0      7F0       10         0
                text8                               4B0      4B0       2A         0
                text7                               4DA      4DA       32         0
                text6                               5AF      5AF      120         0
                text5                               457      457       14         0
                text4                               544      544       6B         0
                text3                               48D      48D       23         0
                text2                               6CF      6CF      121         0
                text1                               46B      46B       22         0
                maintext                            50C      50C       38         0
                inittext                            446      446       11         0
                idataBANK0                          43E      43E        8         0

        CLASS   STRCODE        

        CLASS   STRING         
                strings                               3        3       19         0

        CLASS   CONST          

        CLASS   ENTRY          

        CLASS   COMMON         
                cstackCOMMON                         70       70        E         1

        CLASS   BANK0          
                cstackBANK0                          20       20       12         1
                dataBANK0                            32       32        8         1

        CLASS   BANK1          

        CLASS   BANK2          

        CLASS   BANK3          

        CLASS   RAM            

        CLASS   ABS1           
                abs_s1                               7E       7E        2         1

        CLASS   SFR0           

        CLASS   SFR1           

        CLASS   SFR2           

        CLASS   SFR3           

        CLASS   CONFIG         
                config                             2007     2007        1         4

        CLASS   IDLOC          

        CLASS   EEDATA         

        CLASS   HEAP           

        CLASS   STACK          



SEGMENTS        Name                           Load    Length   Top    Selector   Space  Class     Delta

                text1                          00046B  000022  00048D       8D6       0  CODE        2
                text8                          0004B0  00002A  0004DA       960       0  CODE        2
                text3                          00048D  000023  0004B0       91A       0  CODE        2
                reset_vec                      000000  000003  000003         0       0  CODE        2
                strings                        000003  000019  00001C         6       0  STRING      2
                text7                          0004DA  000032  00050C       9B4       0  CODE        2
                maintext                       00050C  000038  000544       A18       0  CODE        2
                inittext                       000446  000011  000457       88C       0  CODE        2
                idataBANK0                     00043E  000008  000446       87C       0  CODE        2
                text5                          000457  000014  00046B       8AE       0  CODE        2
                text4                          000544  00006B  0005AF       A88       0  CODE        2
                cstackBANK0                    000020  00001A  00003A        20       1  BANK0       1
                cinit                          0007F0  000010  000800       FE0       0  CODE        2
                cstackCOMMON                   000070  00000E  00007E        70       1  COMMON      1
                text6                          0005AF  000120  0006CF       B5E       0  CODE        2
                text2                          0006CF  000121  0007F0       D9E       0  CODE        2


UNUSED ADDRESS RANGES

        Name                Unused          Largest block    Delta
        BANK0            003A-006F             36           1
        BANK1            00A0-00EF             50           1
        BANK2            0110-016F             60           1
        BANK3            0190-01EF             60           1
        CODE             001C-043D            422           2
                         0800-1FFF            800
        CONFIG           2008-2008              1           2
        CONST            001C-043D            100           2
                         0800-1FFF            100
        EEDATA           2100-21FF            100           2
        ENTRY            001C-043D            100           2
                         0800-1FFF            100
        IDLOC            2000-2003              4           2
        RAM              003A-006F             36           1
                         00A0-00EF             50
                         0110-016F             60
                         0190-01EF             60
        SFR0             0000-001F             20           1
        SFR1             0080-009F             20           1
        SFR2             0100-010F             10           1
        SFR3             0180-018F             10           1
        STRCODE          001C-043D            422           2
                         0800-1FFF           1800
        STRING           001C-043D            100           2
                         0800-1FFF            100

                                  Symbol Table

Lcd_Clear@config         cstackCOMMON 007D
Lcd_Command@cmd          cstackCOMMON 0079
Lcd_Command@config       cstackCOMMON 007C
Lcd_Init@config          cstackBANK0  0024
Lcd_SetCursor@address    cstackBANK0  0025
Lcd_SetCursor@column     cstackBANK0  0021
Lcd_SetCursor@config     cstackBANK0  0024
Lcd_SetCursor@row        cstackBANK0  0020
Lcd_WriteChar@config     cstackCOMMON 007C
Lcd_WriteChar@data       cstackCOMMON 0079
Lcd_WriteString@config   cstackBANK0  0021
Lcd_WriteString@str      cstackCOMMON 007D
PulseEnable@config       cstackCOMMON 0078
SetBit@pin               cstackCOMMON 0072
SetBit@port              cstackCOMMON 0070
SetBit@value             cstackCOMMON 0073
_Lcd_Clear               text5        0457
_Lcd_Command             text6        05AF
_Lcd_Init                text4        0544
_Lcd_SetCursor           text3        048D
_Lcd_WriteChar           text2        06CF
_Lcd_WriteString         text1        046B
_PORTC                   (abs)        0007
_PulseEnable             text7        04DA
_SetBit                  text8        04B0
_TRISC                   (abs)        0087
__H__absolute__          __absolute__ 0000
__Habs1                  abs1         0000
__Hbank0                 bank0        0000
__Hbank1                 bank1        0000
__Hbank2                 bank2        0000
__Hbank3                 bank3        0000
__Hcinit                 cinit        0800
__Hclrtext               clrtext      0000
__Hcode                  code         0000
__Hcommon                common       0000
__Hconfig                config       2008
__HcstackBANK0           cstackBANK0  0000
__HcstackCOMMON          cstackCOMMON 0000
__HdataBANK0             dataBANK0    0000
__Heeprom_data           eeprom_data  0000
__Hend_init              end_init     0003
__Hfunctab               functab      0000
__Hheap                  heap         0000
__HidataBANK0            idataBANK0   0000
__Hinit                  init         0000
__Hinittext              inittext     0000
__Hintentry              intentry     0000
__Hmaintext              maintext     0000
__Hpowerup               powerup      0000
__Hram                   ram          0000
__Hreset_vec             reset_vec    0000
__Hsfr0                  sfr0         0000
__Hsfr1                  sfr1         0000
__Hsfr2                  sfr2         0000
__Hsfr3                  sfr3         0000
__Hspace_0               (abs)        0800
__Hspace_1               (abs)        007E
__Hspace_2               (abs)        0000
__Hspace_3               (abs)        0000
__Hspace_4               (abs)        400F
__Hstack                 stack        0000
__Hstrings               strings      0000
__Htext                  text         0000
__L__absolute__          __absolute__ 0000
__Labs1                  abs1         0000
__Lbank0                 bank0        0000
__Lbank1                 bank1        0000
__Lbank2                 bank2        0000
__Lbank3                 bank3        0000
__Lcinit                 cinit        07F0
__Lclrtext               clrtext      0000
__Lcode                  code         0000
__Lcommon                common       0000
__Lconfig                config       0000
__LcstackBANK0           cstackBANK0  0000
__LcstackCOMMON          cstackCOMMON 0000
__LdataBANK0             dataBANK0    0000
__Leeprom_data           eeprom_data  0000
__Lend_init              end_init     0000
__Lfunctab               functab      0000
__Lheap                  heap         0000
__LidataBANK0            idataBANK0   0000
__Linit                  init         0000
__Linittext              inittext     0000
__Lintentry              intentry     0000
__Lmaintext              maintext     0000
__Lpowerup               powerup      0000
__Lram                   ram          0000
__Lreset_vec             reset_vec    0000
__Lsfr0                  sfr0         0000
__Lsfr1                  sfr1         0000
__Lsfr2                  sfr2         0000
__Lsfr3                  sfr3         0000
__Lspace_0               (abs)        0000
__Lspace_1               (abs)        0000
__Lspace_2               (abs)        0000
__Lspace_3               (abs)        0000
__Lspace_4               (abs)        0000
__Lstack                 stack        0000
__Lstrings               strings      0000
__Ltext                  text         0000
__S0                     (abs)        0800
__S1                     (abs)        007E
__S3                     (abs)        0000
___heap_hi               (abs)        0000
___heap_lo               (abs)        0000
___int_sp                stack        0000
___int_stack_hi          stack        0000
___int_stack_lo          stack        0000
___latbits               (abs)        0002
___sp                    stack        0000
___stack_hi              stack        0000
___stack_lo              stack        0000
___stackhi               (abs)        0000
___stacklo               (abs)        0000
__end_of_Lcd_Clear       text5        046B
__end_of_Lcd_Command     text6        06CF
__end_of_Lcd_Init        text4        05AF
__end_of_Lcd_SetCursor   text3        04B0
__end_of_Lcd_WriteChar   text2        07F0
__end_of_Lcd_WriteString text1        048D
__end_of_PulseEnable     text7        050C
__end_of_SetBit          text8        04DA
__end_of__initialization cinit        07FC
__end_of__stringtab      strings      0009
__end_of_main            maintext     0544
__initialization         cinit        07F0
__pcstackBANK0           cstackBANK0  0020
__pcstackCOMMON          cstackCOMMON 0070
__pdataBANK0             dataBANK0    0032
__pidataBANK0            idataBANK0   043E
__pmaintext              maintext     050C
__pstrings               strings      0003
__ptext1                 text1        046B
__ptext2                 text2        06CF
__ptext3                 text3        048D
__ptext4                 text4        0544
__ptext5                 text5        0457
__ptext6                 text6        05AF
__ptext7                 text7        04DA
__ptext8                 text8        04B0
__stringbase             strings      0008
__stringtab              strings      0003
_main                    maintext     050C
btemp                    (abs)        007E
end_of_initialization    cinit        07FC
init_fetch0              inittext     0446
init_ram0                inittext     044A
intlevel0                functab      0000
intlevel1                functab      0000
intlevel2                functab      0000
intlevel3                functab      0000
intlevel4                functab      0000
intlevel5                functab      0000
main@F1466               dataBANK0    0032
main@lcd                 cstackBANK0  002A
reset_vec                reset_vec    0000
start                    init         0000
start_initialization     cinit        07F0
wtemp0                   (abs)        007E


MODULE INFORMATION

Module		Function		Class		Link	Load	Size
newmain.c
		_main          		CODE           	050C	0000	56

newmain.c estimated size: 56

../../pic16flcd.c
		_Lcd_WriteChar 		CODE           	06CF	0000	289
		_Lcd_Init      		CODE           	0544	0000	107
		_Lcd_Command   		CODE           	05AF	0000	288
		_Lcd_SetCursor 		CODE           	048D	0000	35
		_Lcd_WriteString		CODE           	046B	0000	34
		_Lcd_Clear     		CODE           	0457	0000	20
		_SetBit        		CODE           	04B0	0000	42
		_PulseEnable   		CODE           	04DA	0000	50

../../pic16flcd.c estimated size: 865

shared
		__stringtab    		STRING         	0003	0000	6
		__initialization		CODE           	07F0	0000	12

shared estimated size: 18

