Microchip MPLAB XC8 Compiler V2.45

Linker command line:

-W-3 \
  --edf=/Users/rcaratti/.mchp_packs/Microchip/PIC16Fxxx_DFP/1.6.156/xc8/pic/dat/20231012211500_en.msgs \
  -cn -h+dist/default/production/PIC16F887_cooler_rpm.X.production.sym \
  --cmf=dist/default/production/PIC16F887_cooler_rpm.X.production.cmf -z \
  -Q16F887 -o/tmp/xcmd7FJRM/driver_tmp_3.o --defsym=__MPLAB_BUILD=1 \
  --fixupoverflow=error \
  -Mdist/default/production/PIC16F887_cooler_rpm.X.production.map \
  --md=/tmp/xcmd7FJRM/driver_tmp_0.dat -E1 -ver=XC8 Compiler --acfsm=1493 \
  -ACODE=00h-07FFhx4 -ASTRCODE=00h-01FFFh -ASTRING=00h-0FFhx32 \
  -ACONST=00h-0FFhx32 -AENTRY=00h-0FFhx32 -ACOMMON=070h-07Fh \
  -ABANK0=020h-06Fh -ABANK1=0A0h-0EFh -ABANK2=0110h-016Fh \
  -ABANK3=0190h-01EFh -ARAM=020h-06Fh,0A0h-0EFh,0110h-016Fh,0190h-01EFh \
  -AABS1=020h-07Fh,0A0h-0EFh,0110h-016Fh,0190h-01EFh -ASFR0=00h-01Fh \
  -ASFR1=080h-09Fh -ASFR2=0100h-010Fh -ASFR3=0180h-018Fh \
  -ACONFIG=02007h-02008h -DCONFIG=2 -AIDLOC=02000h-02003h -DIDLOC=2 \
  -AEEDATA=00h-0FFh/02100h -peeprom_data=EEDATA -DEEDATA=2 -DCODE=2 \
  -DSTRCODE=2 -DSTRING=2 -DCONST=2 -DENTRY=2 \
  -preset_vec=00h,intentry,init,end_init -ppowerup=CODE -pcinit=CODE \
  -pfunctab=ENTRY -k /tmp/xcmd7FJRM/driver_tmp_17.o \
  dist/default/production/PIC16F887_cooler_rpm.X.production.o 

Object code version is 3.11

Machine type is 16F887



                Name                               Link     Load   Length Selector   Space Scale
/tmp/xcmd7FJRM/driver_tmp_17.o
                end_init                              0        0        3        0       0
                config                             2007     2007        1        0       4
dist/default/production/PIC16F887_cooler_rpm.X.production.o
                cinit                               7E3      7E3       1D      FC6       0
                config                             2007     2007        1        0       4
                text29                              DDB      DDB       2A     1BB6       0
                text28                              E05      E05       32     1C0A       0
                text27                              2C9      2C9      120      592       0
                text26                              CBE      CBE       14     197C       0
                text25                               45       45       6B       8A       0
                text24                              D27      D27       23     1A4E       0
                text23                              3E9      3E9      121      7D2       0
                text22                              DB5      DB5       26     1B6A       0
                text21                              D4A      D4A       23     1A94       0
                text20                              50A      50A      2D9      A14       0
                text19                              F99      F99       67     1F32       0
                text18                              143      143       A1      286       0
                text17                              D6D      D6D       23     1ADA       0
                text16                              CA0      CA0        D     1940       0
                text15                              C94      C94        C     1928       0
                text14                              C7E      C7E        B     18FC       0
                text13                              C89      C89        B     1912       0
                text12                              D06      D06       21     1A0C       0
                text11                              EF0      EF0       52     1DE0       0
                text10                              E69      E69       3C     1CD2       0
                text9                               E37      E37       32     1C6E       0
                text8                                 6        6        1        C       0
                text7                               EA5      EA5       4B     1D4A       0
                text6                               D90      D90       25     1B20       0
                text5                                 7        7       3E        E       0
                text4                               F42      F42       57     1E84       0
                text3                                B0       B0       93      160       0
                text2                               CEB      CEB       1B     19D6       0
                text1                               CD2      CD2       19     19A4       0
                maintext                            1E4      1E4       E5      3C8       0
                cstackBANK0                          20       20       4B       20       1
                cstackCOMMON                         70       70        E       70       1
                clrtext                             C6E      C6E        8     18DC       0
                inittext                            CAD      CAD       11     195A       0
                dataBANK1                            C0       C0        8       A0       1
                bssBANK1                             A0       A0       20       A0       1
                bssBANK0                             6B       6B        5       20       1
                strings                             800      800       2D     1000       0
                idataBANK1                          C76      C76        8     18EC       0

TOTAL           Name                               Link     Load   Length     Space
        CLASS   CODE           
                end_init                              0        0        3         0
                cinit                               7E3      7E3       1D         0
                text29                              DDB      DDB       2A         0
                text28                              E05      E05       32         0
                text27                              2C9      2C9      120         0
                text26                              CBE      CBE       14         0
                text25                               45       45       6B         0
                text24                              D27      D27       23         0
                text23                              3E9      3E9      121         0
                text22                              DB5      DB5       26         0
                text21                              D4A      D4A       23         0
                text20                              50A      50A      2D9         0
                text19                              F99      F99       67         0
                text18                              143      143       A1         0
                text17                              D6D      D6D       23         0
                text16                              CA0      CA0        D         0
                text15                              C94      C94        C         0
                text14                              C7E      C7E        B         0
                text13                              C89      C89        B         0
                text12                              D06      D06       21         0
                text11                              EF0      EF0       52         0
                text10                              E69      E69       3C         0
                text9                               E37      E37       32         0
                text8                                 6        6        1         0
                text7                               EA5      EA5       4B         0
                text6                               D90      D90       25         0
                text5                                 7        7       3E         0
                text4                               F42      F42       57         0
                text3                                B0       B0       93         0
                text2                               CEB      CEB       1B         0
                text1                               CD2      CD2       19         0
                maintext                            1E4      1E4       E5         0
                clrtext                             C6E      C6E        8         0
                inittext                            CAD      CAD       11         0
                idataBANK1                          C76      C76        8         0

        CLASS   STRCODE        

        CLASS   STRING         
                strings                             800      800       2D         0

        CLASS   CONST          

        CLASS   ENTRY          

        CLASS   COMMON         
                cstackCOMMON                         70       70        E         1

        CLASS   BANK0          
                cstackBANK0                          20       20       4B         1
                bssBANK0                             6B       6B        5         1

        CLASS   BANK1          
                dataBANK1                            C0       C0        8         1
                bssBANK1                             A0       A0       20         1

        CLASS   BANK2          

        CLASS   BANK3          

        CLASS   RAM            

        CLASS   ABS1           
                abs_s1                               7E       7E        2         1

        CLASS   SFR0           

        CLASS   SFR1           

        CLASS   SFR2           

        CLASS   SFR3           

        CLASS   CONFIG         
                config                             2007     2007        1         4

        CLASS   IDLOC          

        CLASS   EEDATA         

        CLASS   HEAP           

        CLASS   STACK          



SEGMENTS        Name                           Load    Length   Top    Selector   Space  Class     Delta

                text22                         000DB5  000026  000DDB      1B6A       0  CODE        2
                text29                         000DDB  00002A  000E05      1BB6       0  CODE        2
                strings                        000800  00002D  00082D      1000       0  STRING      2
                text21                         000D4A  000023  000D6D      1A94       0  CODE        2
                text17                         000D6D  000023  000D90      1ADA       0  CODE        2
                text6                          000D90  000025  000DB5      1B20       0  CODE        2
                text28                         000E05  000032  000E37      1C0A       0  CODE        2
                text7                          000EA5  00004B  000EF0      1D4A       0  CODE        2
                text11                         000EF0  000052  000F42      1DE0       0  CODE        2
                text4                          000F42  000057  000F99      1E84       0  CODE        2
                text9                          000E37  000032  000E69      1C6E       0  CODE        2
                text10                         000E69  00003C  000EA5      1CD2       0  CODE        2
                text5                          000007  00003E  000045         E       0  CODE        2
                text14                         000C7E  00000B  000C89      18FC       0  CODE        2
                text13                         000C89  00000B  000C94      1912       0  CODE        2
                text15                         000C94  00000C  000CA0      1928       0  CODE        2
                text8                          000006  000001  000007         C       0  CODE        2
                clrtext                        000C6E  000008  000C76      18DC       0  CODE        2
                idataBANK1                     000C76  000008  000C7E      18EC       0  CODE        2
                text16                         000CA0  00000D  000CAD      1940       0  CODE        2
                text2                          000CEB  00001B  000D06      19D6       0  CODE        2
                text12                         000D06  000021  000D27      1A0C       0  CODE        2
                text24                         000D27  000023  000D4A      1A4E       0  CODE        2
                inittext                       000CAD  000011  000CBE      195A       0  CODE        2
                text26                         000CBE  000014  000CD2      197C       0  CODE        2
                text1                          000CD2  000019  000CEB      19A4       0  CODE        2
                text19                         000F99  000067  001000      1F32       0  CODE        2
                cstackBANK0                    000020  000050  000070        20       1  BANK0       1
                reset_vec                      000000  000003  000003         0       0  CODE        2
                bssBANK1                       0000A0  000028  0000C8        A0       1  BANK1       1
                cstackCOMMON                   000070  00000E  00007E        70       1  COMMON      1
                cinit                          0007E3  00001D  000800       FC6       0  CODE        2
                maintext                       0001E4  0000E5  0002C9       3C8       0  CODE        2
                text27                         0002C9  000120  0003E9       592       0  CODE        2
                text23                         0003E9  000121  00050A       7D2       0  CODE        2
                text25                         000045  00006B  0000B0        8A       0  CODE        2
                text3                          0000B0  000093  000143       160       0  CODE        2
                text18                         000143  0000A1  0001E4       286       0  CODE        2
                text20                         00050A  0002D9  0007E3       A14       0  CODE        2


UNUSED ADDRESS RANGES

        Name                Unused          Largest block    Delta
        BANK1            00C8-00EF             28           1
        BANK2            0110-016F             60           1
        BANK3            0190-01EF             60           1
        CODE             0003-0005              3           2
                         082D-0C6D            441
                         1000-1FFF            800
        CONFIG           2008-2008              1           2
        CONST            0003-0005              3           2
                         082D-0C6D            100
                         1000-1FFF            100
        EEDATA           2100-21FF            100           2
        ENTRY            0003-0005              3           2
                         082D-0C6D            100
                         1000-1FFF            100
        IDLOC            2000-2003              4           2
        RAM              00C8-00EF             28           1
                         0110-016F             60
                         0190-01EF             60
        SFR0             0000-001F             20           1
        SFR1             0080-009F             20           1
        SFR2             0100-010F             10           1
        SFR3             0180-018F             10           1
        STRCODE          0003-0005              3           2
                         082D-0C6D            441
                         1000-1FFF           1000
        STRING           0003-0005              3           2
                         082D-0C6D            100
                         1000-1FFF            100

                                  Symbol Table

?__Umul8_16                 cstackCOMMON 0070
?___flmul                   cstackBANK0  0020
?___fltol                   cstackBANK0  003A
?___lwdiv                   cstackCOMMON 0070
?___lwmod                   cstackCOMMON 0070
?___wmul                    cstackCOMMON 0070
?___xxtofl                  cstackCOMMON 0070
?_countPulses               cstackCOMMON 0070
?_readADC                   cstackCOMMON 0070
?_read_prec_or_width        cstackCOMMON 0076
?_sprintf                   cstackBANK0  003E
?_vfprintf                  cstackBANK0  003A
Lcd_Clear@config            cstackCOMMON 007D
Lcd_Command@cmd             cstackCOMMON 0079
Lcd_Command@config          cstackCOMMON 007C
Lcd_Init@config             cstackBANK0  0024
Lcd_SetCursor@address       cstackBANK0  0024
Lcd_SetCursor@column        cstackBANK0  0021
Lcd_SetCursor@config        cstackBANK0  0025
Lcd_SetCursor@row           cstackBANK0  0020
Lcd_WriteChar@config        cstackCOMMON 007C
Lcd_WriteChar@data          cstackCOMMON 0079
Lcd_WriteString@config      cstackCOMMON 007D
Lcd_WriteString@str         cstackBANK0  0020
PulseEnable@config          cstackCOMMON 0078
SetBit@pin                  cstackCOMMON 0072
SetBit@port                 cstackCOMMON 0070
SetBit@value                cstackCOMMON 0073
_ADCON0                     (abs)        001F
_ADCON0bits                 (abs)        001F
_ADCON1                     (abs)        009F
_ADRESH                     (abs)        001E
_ADRESL                     (abs)        009E
_ANSEL                      (abs)        0188
_ANSELH                     (abs)        0189
_CCP1CON                    (abs)        0017
_CCPR1L                     (abs)        0015
_INTCONbits                 (abs)        000B
_Lcd_Clear                  text26       0CBE
_Lcd_Command                text27       02C9
_Lcd_Init                   text25       0045
_Lcd_SetCursor              text24       0D27
_Lcd_WriteChar              text23       03E9
_Lcd_WriteString            text22       0DB5
_OPTION_REGbits             (abs)        0081
_PORTBbits                  (abs)        0006
_PORTD                      (abs)        0008
_PR2                        (abs)        0092
_PulseEnable                text28       0E05
_SetBit                     text29       0DDB
_T2CON                      (abs)        0012
_TMR0                       (abs)        0001
_TRISBbits                  (abs)        0086
_TRISC                      (abs)        0087
_TRISD                      (abs)        0088
__H__absolute__             __absolute__ 0000
__Habs1                     abs1         0000
__Hbank0                    bank0        0000
__Hbank1                    bank1        0000
__Hbank2                    bank2        0000
__Hbank3                    bank3        0000
__HbssBANK0                 bssBANK0     0000
__HbssBANK1                 bssBANK1     0000
__Hcinit                    cinit        0800
__Hclrtext                  clrtext      0000
__Hcode                     code         0000
__Hcommon                   common       0000
__Hconfig                   config       2008
__HcstackBANK0              cstackBANK0  0000
__HcstackCOMMON             cstackCOMMON 0000
__HdataBANK1                dataBANK1    0000
__Heeprom_data              eeprom_data  0000
__Hend_init                 end_init     0003
__Hfunctab                  functab      0000
__Hheap                     heap         0000
__HidataBANK1               idataBANK1   0000
__Hinit                     init         0000
__Hinittext                 inittext     0000
__Hintentry                 intentry     0000
__Hmaintext                 maintext     0000
__Hpowerup                  powerup      0000
__Hram                      ram          0000
__Hreset_vec                reset_vec    0000
__Hsfr0                     sfr0         0000
__Hsfr1                     sfr1         0000
__Hsfr2                     sfr2         0000
__Hsfr3                     sfr3         0000
__Hspace_0                  (abs)        1000
__Hspace_1                  (abs)        00C8
__Hspace_2                  (abs)        0000
__Hspace_3                  (abs)        0000
__Hspace_4                  (abs)        400F
__Hstack                    stack        0000
__Hstrings                  strings      0000
__Htext                     text         0000
__L__absolute__             __absolute__ 0000
__Labs1                     abs1         0000
__Lbank0                    bank0        0000
__Lbank1                    bank1        0000
__Lbank2                    bank2        0000
__Lbank3                    bank3        0000
__LbssBANK0                 bssBANK0     0000
__LbssBANK1                 bssBANK1     0000
__Lcinit                    cinit        07E3
__Lclrtext                  clrtext      0000
__Lcode                     code         0000
__Lcommon                   common       0000
__Lconfig                   config       0000
__LcstackBANK0              cstackBANK0  0000
__LcstackCOMMON             cstackCOMMON 0000
__LdataBANK1                dataBANK1    0000
__Leeprom_data              eeprom_data  0000
__Lend_init                 end_init     0000
__Lfunctab                  functab      0000
__Lheap                     heap         0000
__LidataBANK1               idataBANK1   0000
__Linit                     init         0000
__Linittext                 inittext     0000
__Lintentry                 intentry     0000
__Lmaintext                 maintext     0000
__Lpowerup                  powerup      0000
__Lram                      ram          0000
__Lreset_vec                reset_vec    0000
__Lsfr0                     sfr0         0000
__Lsfr1                     sfr1         0000
__Lsfr2                     sfr2         0000
__Lsfr3                     sfr3         0000
__Lspace_0                  (abs)        0000
__Lspace_1                  (abs)        0000
__Lspace_2                  (abs)        0000
__Lspace_3                  (abs)        0000
__Lspace_4                  (abs)        0000
__Lstack                    stack        0000
__Lstrings                  strings      0000
__Ltext                     text         0000
__S0                        (abs)        1000
__S1                        (abs)        00C8
__S3                        (abs)        0000
__Umul8_16                  text21       0D4A
__Umul8_16@multiplicand     cstackCOMMON 0070
__Umul8_16@multiplier       cstackCOMMON 0078
__Umul8_16@product          cstackCOMMON 0074
__Umul8_16@word_mpld        cstackCOMMON 0076
___flmul                    text20       050A
___flmul@a                  cstackBANK0  0024
___flmul@aexp               cstackBANK0  002E
___flmul@b                  cstackBANK0  0020
___flmul@bexp               cstackBANK0  0033
___flmul@grs                cstackBANK0  002F
___flmul@prod               cstackBANK0  0034
___flmul@sign               cstackBANK0  002D
___flmul@temp               cstackBANK0  0038
___fltol                    text19       0F99
___fltol@exp1               cstackBANK0  0043
___fltol@f1                 cstackBANK0  003A
___fltol@sign1              cstackBANK0  0042
___heap_hi                  (abs)        0000
___heap_lo                  (abs)        0000
___int_sp                   stack        0000
___int_stack_hi             stack        0000
___int_stack_lo             stack        0000
___latbits                  (abs)        0002
___lwdiv                    text10       0E69
___lwdiv@counter            cstackCOMMON 0077
___lwdiv@dividend           cstackCOMMON 0072
___lwdiv@divisor            cstackCOMMON 0070
___lwdiv@quotient           cstackCOMMON 0075
___lwmod                    text9        0E37
___lwmod@counter            cstackCOMMON 0075
___lwmod@dividend           cstackCOMMON 0072
___lwmod@divisor            cstackCOMMON 0070
___sp                       stack        0000
___stack_hi                 stack        0000
___stack_lo                 stack        0000
___stackhi                  (abs)        0000
___stacklo                  (abs)        0000
___wmul                     text12       0D06
___wmul@multiplicand        cstackCOMMON 0072
___wmul@multiplier          cstackCOMMON 0070
___wmul@product             cstackCOMMON 0074
___xxtofl                   text18       0143
___xxtofl@arg               cstackCOMMON 007A
___xxtofl@exp               cstackCOMMON 0079
___xxtofl@sign              cstackCOMMON 0078
___xxtofl@val               cstackCOMMON 0070
__end_of_Lcd_Clear          text26       0CD2
__end_of_Lcd_Command        text27       03E9
__end_of_Lcd_Init           text25       00B0
__end_of_Lcd_SetCursor      text24       0D4A
__end_of_Lcd_WriteChar      text23       050A
__end_of_Lcd_WriteString    text22       0DDB
__end_of_PulseEnable        text28       0E37
__end_of_SetBit             text29       0E05
__end_of__Umul8_16          text21       0D6D
__end_of___flmul            text20       07E3
__end_of___fltol            text19       1000
__end_of___lwdiv            text10       0EA5
__end_of___lwmod            text9        0E69
__end_of___wmul             text12       0D27
__end_of___xxtofl           text18       01E4
__end_of__initialization    cinit        07FC
__end_of__stringtab         strings      0810
__end_of_countPulses        text17       0D90
__end_of_fputc              text7        0EF0
__end_of_fputs              text6        0DB5
__end_of_initADC            text16       0CAD
__end_of_initPWM            text15       0CA0
__end_of_initRPM            text14       0C89
__end_of_main               maintext     02C9
__end_of_pad                text5        0045
__end_of_putch              text8        0007
__end_of_readADC            text13       0C94
__end_of_read_prec_or_width text11       0F42
__end_of_sprintf            text1        0CEB
__end_of_utoa               text4        0F99
__end_of_vfpfcnvrt          text3        0143
__end_of_vfprintf           text2        0D06
__initialization            cinit        07E3
__pbssBANK0                 bssBANK0     006B
__pbssBANK1                 bssBANK1     00A0
__pcstackBANK0              cstackBANK0  0020
__pcstackCOMMON             cstackCOMMON 0070
__pdataBANK1                dataBANK1    00C0
__pidataBANK1               idataBANK1   0C76
__pmaintext                 maintext     01E4
__pstrings                  strings      0800
__ptext1                    text1        0CD2
__ptext10                   text10       0E69
__ptext11                   text11       0EF0
__ptext12                   text12       0D06
__ptext13                   text13       0C89
__ptext14                   text14       0C7E
__ptext15                   text15       0C94
__ptext16                   text16       0CA0
__ptext17                   text17       0D6D
__ptext18                   text18       0143
__ptext19                   text19       0F99
__ptext2                    text2        0CEB
__ptext20                   text20       050A
__ptext21                   text21       0D4A
__ptext22                   text22       0DB5
__ptext23                   text23       03E9
__ptext24                   text24       0D27
__ptext25                   text25       0045
__ptext26                   text26       0CBE
__ptext27                   text27       02C9
__ptext28                   text28       0E05
__ptext29                   text29       0DDB
__ptext3                    text3        00B0
__ptext4                    text4        0F42
__ptext5                    text5        0007
__ptext6                    text6        0D90
__ptext7                    text7        0EA5
__ptext8                    text8        0006
__ptext9                    text9        0E37
__stringbase                strings      080F
__stringtab                 strings      0800
_countPulses                text17       0D6D
_dbuf                       bssBANK1     00A0
_flags                      bssBANK0     006F
_fputc                      text7        0EA5
_fputs                      text6        0D90
_initADC                    text16       0CA0
_initPWM                    text15       0C94
_initRPM                    text14       0C7E
_main                       maintext     01E4
_pad                        text5        0007
_prec                       bssBANK0     006D
_putch                      text8        0006
_readADC                    text13       0C89
_read_prec_or_width         text11       0EF0
_sprintf                    text1        0CD2
_utoa                       text4        0F42
_vfpfcnvrt                  text3        00B0
_vfprintf                   text2        0CEB
_width                      bssBANK0     006B
btemp                       (abs)        007E
clear_ram0                  clrtext      0C6E
countPulses@currentState    cstackCOMMON 0075
countPulses@lastState       cstackCOMMON 0074
countPulses@pulseCount      cstackCOMMON 0072
end_of_initialization       cinit        07FC
fputc@c                     cstackCOMMON 0070
fputc@fp                    cstackCOMMON 0072
fputs@c                     cstackBANK0  0020
fputs@fp                    cstackCOMMON 0078
fputs@i                     cstackBANK0  0021
fputs@s                     cstackBANK0  0023
init_fetch0                 inittext     0CAD
init_ram0                   inittext     0CB1
intlevel0                   functab      0000
intlevel1                   functab      0000
intlevel2                   functab      0000
intlevel3                   functab      0000
intlevel4                   functab      0000
intlevel5                   functab      0000
main@F1787                  dataBANK1    00C0
main@adcResult              cstackBANK0  005D
main@fanRPM                 cstackBANK0  0061
main@lcd                    cstackBANK0  0063
main@pulses                 cstackBANK0  005F
main@rpm                    cstackBANK0  0053
pad@buf                     cstackCOMMON 007B
pad@fp                      cstackBANK0  0027
pad@i                       cstackBANK0  0025
pad@p                       cstackCOMMON 007C
read_prec_or_width@ap       cstackCOMMON 0076
read_prec_or_width@c        cstackCOMMON 0079
read_prec_or_width@fmt      cstackCOMMON 007C
read_prec_or_width@n        cstackCOMMON 007A
reset_vec                   reset_vec    0000
sprintf@ap                  cstackBANK0  0042
sprintf@f                   cstackBANK0  0044
sprintf@fmt                 cstackBANK0  003E
sprintf@s                   cstackBANK0  0043
start                       init         0000
start_initialization        cinit        07E3
utoa@d                      cstackBANK0  0028
utoa@fp                     cstackBANK0  002C
utoa@i                      cstackBANK0  002E
utoa@p                      cstackBANK0  002D
utoa@w                      cstackBANK0  002A
vfpfcnvrt@ap                cstackBANK0  0031
vfpfcnvrt@convarg           cstackBANK0  0034
vfpfcnvrt@cp                cstackBANK0  0039
vfpfcnvrt@fmt               cstackBANK0  0030
vfpfcnvrt@fp                cstackBANK0  0038
vfprintf@ap                 cstackBANK0  003B
vfprintf@cfmt               cstackBANK0  003D
vfprintf@fmt                cstackBANK0  003A
vfprintf@fp                 cstackBANK0  003C
wtemp0                      (abs)        007E


MODULE INFORMATION

Module		Function		Class		Link	Load	Size
/Applications/microchip/xc8/v2.45/pic/sources/c99/common/Umul8_16.c
		__Umul8_16     		CODE           	0D4A	0000	35

/Applications/microchip/xc8/v2.45/pic/sources/c99/common/Umul8_16.c estimated size: 35

/Applications/microchip/xc8/v2.45/pic/sources/c99/common/sprcmul.c
		___flmul       		CODE           	050A	0000	729

/Applications/microchip/xc8/v2.45/pic/sources/c99/common/sprcmul.c estimated size: 729

/Applications/microchip/xc8/v2.45/pic/sources/c99/common/nf_fputc.c
		_fputc         		CODE           	0EA5	0000	75

/Applications/microchip/xc8/v2.45/pic/sources/c99/common/nf_fputc.c estimated size: 75

/Applications/microchip/xc8/v2.45/pic/sources/c99/common/lwmod.c
		___lwmod       		CODE           	0E37	0000	50

/Applications/microchip/xc8/v2.45/pic/sources/c99/common/lwmod.c estimated size: 50

/Applications/microchip/xc8/v2.45/pic/sources/c99/common/Umul16.c
		___wmul        		CODE           	0D06	0000	33

/Applications/microchip/xc8/v2.45/pic/sources/c99/common/Umul16.c estimated size: 33

/Applications/microchip/xc8/v2.45/pic/sources/c99/common/nf_sprintf.c
		_sprintf       		CODE           	0CD2	0000	25

/Applications/microchip/xc8/v2.45/pic/sources/c99/common/nf_sprintf.c estimated size: 25

/Applications/microchip/xc8/v2.45/pic/sources/c99/common/putch.c
		_putch         		CODE           	0006	0000	1

/Applications/microchip/xc8/v2.45/pic/sources/c99/common/putch.c estimated size: 1

newmain.c
		_countPulses   		CODE           	0D6D	0000	35
		_main          		CODE           	01E4	0000	229
		_initRPM       		CODE           	0C7E	0000	11
		_initPWM       		CODE           	0C94	0000	12
		_initADC       		CODE           	0CA0	0000	13
		_readADC       		CODE           	0C89	0000	11

newmain.c estimated size: 311

../../pic16flcd.c
		_Lcd_WriteChar 		CODE           	03E9	0000	289
		_Lcd_Init      		CODE           	0045	0000	107
		_Lcd_Command   		CODE           	02C9	0000	288
		_Lcd_SetCursor 		CODE           	0D27	0000	35
		_Lcd_WriteString		CODE           	0DB5	0000	38
		_Lcd_Clear     		CODE           	0CBE	0000	20
		_SetBit        		CODE           	0DDB	0000	42
		_PulseEnable   		CODE           	0E05	0000	50

../../pic16flcd.c estimated size: 869

/Applications/microchip/xc8/v2.45/pic/sources/c99/common/lwdiv.c
		___lwdiv       		CODE           	0E69	0000	60

/Applications/microchip/xc8/v2.45/pic/sources/c99/common/lwdiv.c estimated size: 60

/Applications/microchip/xc8/v2.45/pic/sources/c99/common/xxtofl.c
		___xxtofl      		CODE           	0143	0000	161

/Applications/microchip/xc8/v2.45/pic/sources/c99/common/xxtofl.c estimated size: 161

/Applications/microchip/xc8/v2.45/pic/sources/c99/common/fltol.c
		___fltol       		CODE           	0F99	0000	103

/Applications/microchip/xc8/v2.45/pic/sources/c99/common/fltol.c estimated size: 103

shared
		__stringtab    		STRING         	0800	0000	16
		__initialization		CODE           	07E3	0000	25

shared estimated size: 41

/Applications/microchip/xc8/v2.45/pic/sources/c99/common/nf_fputs.c
		_fputs         		CODE           	0D90	0000	37

/Applications/microchip/xc8/v2.45/pic/sources/c99/common/nf_fputs.c estimated size: 37

/Applications/microchip/xc8/v2.45/pic/sources/c99/common/doprnt.c
		_read_prec_or_width		CODE           	0EF0	0000	82
		_vfpfcnvrt     		CODE           	00B0	0000	147
		_pad           		CODE           	0007	0000	62
		_vfprintf      		CODE           	0CEB	0000	27
		_utoa          		CODE           	0F42	0000	87

/Applications/microchip/xc8/v2.45/pic/sources/c99/common/doprnt.c estimated size: 405

