Microchip MPLAB XC8 Compiler V2.45

Linker command line:

-W-3 \
  --edf=/Users/rcaratti/.mchp_packs/Microchip/PIC16Fxxx_DFP/1.6.156/xc8/pic/dat/20231012211500_en.msgs \
  -cn -h+dist/default/production/PIC16F887_cooler_rpm.X.production.sym \
  --cmf=dist/default/production/PIC16F887_cooler_rpm.X.production.cmf -z \
  -Q16F887 -o/tmp/xcDFBwkQk/driver_tmp_3.o --defsym=__MPLAB_BUILD=1 \
  --fixupoverflow=error \
  -Mdist/default/production/PIC16F887_cooler_rpm.X.production.map \
  --md=/tmp/xcDFBwkQk/driver_tmp_0.dat -E1 -ver=XC8 Compiler --acfsm=1493 \
  -ACODE=00h-07FFhx4 -ASTRCODE=00h-01FFFh -ASTRING=00h-0FFhx32 \
  -ACONST=00h-0FFhx32 -AENTRY=00h-0FFhx32 -ACOMMON=070h-07Fh \
  -ABANK0=020h-06Fh -ABANK1=0A0h-0EFh -ABANK2=0110h-016Fh \
  -ABANK3=0190h-01EFh -ARAM=020h-06Fh,0A0h-0EFh,0110h-016Fh,0190h-01EFh \
  -AABS1=020h-07Fh,0A0h-0EFh,0110h-016Fh,0190h-01EFh -ASFR0=00h-01Fh \
  -ASFR1=080h-09Fh -ASFR2=0100h-010Fh -ASFR3=0180h-018Fh \
  -ACONFIG=02007h-02008h -DCONFIG=2 -AIDLOC=02000h-02003h -DIDLOC=2 \
  -AEEDATA=00h-0FFh/02100h -peeprom_data=EEDATA -DEEDATA=2 -DCODE=2 \
  -DSTRCODE=2 -DSTRING=2 -DCONST=2 -DENTRY=2 \
  -preset_vec=00h,intentry,init,end_init -ppowerup=CODE -pcinit=CODE \
  -pfunctab=ENTRY -k /tmp/xcDFBwkQk/driver_tmp_17.o \
  dist/default/production/PIC16F887_cooler_rpm.X.production.o 

Object code version is 3.11

Machine type is 16F887



                Name                               Link     Load   Length Selector   Space Scale
/tmp/xcDFBwkQk/driver_tmp_17.o
                end_init                              0        0        3        0       0
                config                             2007     2007        1        0       4
dist/default/production/PIC16F887_cooler_rpm.X.production.o
                cinit                               7E7      7E7       19      FCE       0
                config                             2007     2007        1        0       4
                text32                              C33      C33       2A     1866       0
                text31                              C5D      C5D       32     18BA       0
                text30                              2CD      2CD      120      59A       0
                text29                                7        7       14        E       0
                text28                               1B       1B       6B       36       0
                text27                              B7F      B7F       23     16FE       0
                text26                              3ED      3ED      121      7DA       0
                text25                              C0D      C0D       26     181A       0
                text24                              BA2      BA2       23     1744       0
                text23                              50E      50E      2D9      A1C       0
                text22                              E72      E72       67     1CE4       0
                text21                              126      126       A1      24C       0
                text20                              BC5      BC5       23     178A       0
                text19                              B0C      B0C        D     1618       0
                text18                              B00      B00        C     1600       0
                text17                              AEA      AEA        B     15D4       0
                text16                              ED9      ED9       8D     1DB2       0
                text15                              D3B      D3B       3F     1A76       0
                text14                               86       86       A0      10C       0
                text13                              AF5      AF5        B     15EA       0
                text12                              B5E      B5E       21     16BC       0
                text11                              DC5      DC5       52     1B8A       0
                text10                              CC1      CC1       3C     1982       0
                text9                               C8F      C8F       32     191E       0
                text8                                 6        6        1        C       0
                text7                               D7A      D7A       4B     1AF4       0
                text6                               BE8      BE8       25     17D0       0
                text5                               CFD      CFD       3E     19FA       0
                text4                               E17      E17       5B     1C2E       0
                text3                               F66      F66       9A     1ECC       0
                text2                               B43      B43       1B     1686       0
                text1                               B2A      B2A       19     1654       0
                maintext                            1C7      1C7      106      38E       0
                cstackBANK0                          20       20       4E       20       1
                cstackCOMMON                         70       70        E       70       1
                clrtext                             ADA      ADA        8     15B4       0
                inittext                            B19      B19       11     1632       0
                dataBANK1                            C4       C4        8       A0       1
                bssBANK1                             A0       A0       24       A0       1
                bssBANK0                             6E       6E        1       20       1
                strings                             800      800       2D     1000       0
                idataBANK1                          AE2      AE2        8     15C4       0

TOTAL           Name                               Link     Load   Length     Space
        CLASS   CODE           
                end_init                              0        0        3         0
                cinit                               7E7      7E7       19         0
                text32                              C33      C33       2A         0
                text31                              C5D      C5D       32         0
                text30                              2CD      2CD      120         0
                text29                                7        7       14         0
                text28                               1B       1B       6B         0
                text27                              B7F      B7F       23         0
                text26                              3ED      3ED      121         0
                text25                              C0D      C0D       26         0
                text24                              BA2      BA2       23         0
                text23                              50E      50E      2D9         0
                text22                              E72      E72       67         0
                text21                              126      126       A1         0
                text20                              BC5      BC5       23         0
                text19                              B0C      B0C        D         0
                text18                              B00      B00        C         0
                text17                              AEA      AEA        B         0
                text16                              ED9      ED9       8D         0
                text15                              D3B      D3B       3F         0
                text14                               86       86       A0         0
                text13                              AF5      AF5        B         0
                text12                              B5E      B5E       21         0
                text11                              DC5      DC5       52         0
                text10                              CC1      CC1       3C         0
                text9                               C8F      C8F       32         0
                text8                                 6        6        1         0
                text7                               D7A      D7A       4B         0
                text6                               BE8      BE8       25         0
                text5                               CFD      CFD       3E         0
                text4                               E17      E17       5B         0
                text3                               F66      F66       9A         0
                text2                               B43      B43       1B         0
                text1                               B2A      B2A       19         0
                maintext                            1C7      1C7      106         0
                clrtext                             ADA      ADA        8         0
                inittext                            B19      B19       11         0
                idataBANK1                          AE2      AE2        8         0

        CLASS   STRCODE        

        CLASS   STRING         
                strings                             800      800       2D         0

        CLASS   CONST          

        CLASS   ENTRY          

        CLASS   COMMON         
                cstackCOMMON                         70       70        E         1

        CLASS   BANK0          
                cstackBANK0                          20       20       4E         1
                bssBANK0                             6E       6E        1         1

        CLASS   BANK1          
                dataBANK1                            C4       C4        8         1
                bssBANK1                             A0       A0       24         1

        CLASS   BANK2          

        CLASS   BANK3          

        CLASS   RAM            

        CLASS   ABS1           
                abs_s1                               7E       7E        2         1

        CLASS   SFR0           

        CLASS   SFR1           

        CLASS   SFR2           

        CLASS   SFR3           

        CLASS   CONFIG         
                config                             2007     2007        1         4

        CLASS   IDLOC          

        CLASS   EEDATA         

        CLASS   HEAP           

        CLASS   STACK          



SEGMENTS        Name                           Load    Length   Top    Selector   Space  Class     Delta

                strings                        000800  00002D  00082D      1000       0  STRING      2
                text31                         000C5D  000032  000C8F      18BA       0  CODE        2
                text9                          000C8F  000032  000CC1      191E       0  CODE        2
                text32                         000C33  00002A  000C5D      1866       0  CODE        2
                text20                         000BC5  000023  000BE8      178A       0  CODE        2
                text6                          000BE8  000025  000C0D      17D0       0  CODE        2
                text25                         000C0D  000026  000C33      181A       0  CODE        2
                text11                         000DC5  000052  000E17      1B8A       0  CODE        2
                text4                          000E17  00005B  000E72      1C2E       0  CODE        2
                text22                         000E72  000067  000ED9      1CE4       0  CODE        2
                text7                          000D7A  00004B  000DC5      1AF4       0  CODE        2
                text10                         000CC1  00003C  000CFD      1982       0  CODE        2
                text5                          000CFD  00003E  000D3B      19FA       0  CODE        2
                text15                         000D3B  00003F  000D7A      1A76       0  CODE        2
                text13                         000AF5  00000B  000B00      15EA       0  CODE        2
                text18                         000B00  00000C  000B0C      1600       0  CODE        2
                text19                         000B0C  00000D  000B19      1618       0  CODE        2
                text17                         000AEA  00000B  000AF5      15D4       0  CODE        2
                text8                          000006  000001  000007         C       0  CODE        2
                clrtext                        000ADA  000008  000AE2      15B4       0  CODE        2
                idataBANK1                     000AE2  000008  000AEA      15C4       0  CODE        2
                text12                         000B5E  000021  000B7F      16BC       0  CODE        2
                text27                         000B7F  000023  000BA2      16FE       0  CODE        2
                text24                         000BA2  000023  000BC5      1744       0  CODE        2
                text2                          000B43  00001B  000B5E      1686       0  CODE        2
                inittext                       000B19  000011  000B2A      1632       0  CODE        2
                text29                         000007  000014  00001B         E       0  CODE        2
                text1                          000B2A  000019  000B43      1654       0  CODE        2
                cstackBANK0                    000020  00004F  00006F        20       1  BANK0       1
                reset_vec                      000000  000003  000003         0       0  CODE        2
                bssBANK1                       0000A0  00002C  0000CC        A0       1  BANK1       1
                cinit                          0007E7  000019  000800       FCE       0  CODE        2
                cstackCOMMON                   000070  00000E  00007E        70       1  COMMON      1
                text21                         000126  0000A1  0001C7       24C       0  CODE        2
                maintext                       0001C7  000106  0002CD       38E       0  CODE        2
                text30                         0002CD  000120  0003ED       59A       0  CODE        2
                text14                         000086  0000A0  000126       10C       0  CODE        2
                text28                         00001B  00006B  000086        36       0  CODE        2
                text16                         000ED9  00008D  000F66      1DB2       0  CODE        2
                text3                          000F66  00009A  001000      1ECC       0  CODE        2
                text26                         0003ED  000121  00050E       7DA       0  CODE        2
                text23                         00050E  0002D9  0007E7       A1C       0  CODE        2


UNUSED ADDRESS RANGES

        Name                Unused          Largest block    Delta
        BANK0            006F-006F              1           1
        BANK1            00CC-00EF             24           1
        BANK2            0110-016F             60           1
        BANK3            0190-01EF             60           1
        CODE             0003-0005              3           2
                         082D-0AD9            2AD
                         1000-1FFF            800
        CONFIG           2008-2008              1           2
        CONST            0003-0005              3           2
                         082D-0AD9            100
                         1000-1FFF            100
        EEDATA           2100-21FF            100           2
        ENTRY            0003-0005              3           2
                         082D-0AD9            100
                         1000-1FFF            100
        IDLOC            2000-2003              4           2
        RAM              006F-006F              1           1
                         00CC-00EF             24
                         0110-016F             60
                         0190-01EF             60
        SFR0             0000-001F             20           1
        SFR1             0080-009F             20           1
        SFR2             0100-010F             10           1
        SFR3             0180-018F             10           1
        STRCODE          0003-0005              3           2
                         082D-0AD9            2AD
                         1000-1FFF           1000
        STRING           0003-0005              3           2
                         082D-0AD9            100
                         1000-1FFF            100

                                  Symbol Table

?__Umul8_16                 cstackCOMMON 0070
?___aldiv                   cstackBANK0  0020
?___flmul                   cstackBANK0  0020
?___fltol                   cstackBANK0  003A
?___lmul                    cstackCOMMON 0070
?___lwdiv                   cstackCOMMON 0070
?___lwmod                   cstackCOMMON 0070
?___wmul                    cstackCOMMON 0070
?___xxtofl                  cstackCOMMON 0070
?_countPulses               cstackCOMMON 0070
?_map                       cstackBANK0  002E
?_readADC                   cstackCOMMON 0070
?_read_prec_or_width        cstackCOMMON 0076
?_sprintf                   cstackBANK0  003E
?_vfprintf                  cstackBANK0  003A
Lcd_Clear@config            cstackCOMMON 007D
Lcd_Command@cmd             cstackCOMMON 0079
Lcd_Command@config          cstackCOMMON 007C
Lcd_Init@config             cstackBANK0  0024
Lcd_SetCursor@address       cstackBANK0  0024
Lcd_SetCursor@column        cstackBANK0  0021
Lcd_SetCursor@config        cstackBANK0  0025
Lcd_SetCursor@row           cstackBANK0  0020
Lcd_WriteChar@config        cstackCOMMON 007C
Lcd_WriteChar@data          cstackCOMMON 0079
Lcd_WriteString@config      cstackCOMMON 007D
Lcd_WriteString@str         cstackBANK0  0020
PulseEnable@config          cstackCOMMON 0078
SetBit@pin                  cstackCOMMON 0072
SetBit@port                 cstackCOMMON 0070
SetBit@value                cstackCOMMON 0073
_ADCON0                     (abs)        001F
_ADCON0bits                 (abs)        001F
_ADCON1                     (abs)        009F
_ADRESH                     (abs)        001E
_ADRESL                     (abs)        009E
_ANSEL                      (abs)        0188
_ANSELH                     (abs)        0189
_CCP1CON                    (abs)        0017
_CCPR1L                     (abs)        0015
_INTCONbits                 (abs)        000B
_Lcd_Clear                  text29       0007
_Lcd_Command                text30       02CD
_Lcd_Init                   text28       001B
_Lcd_SetCursor              text27       0B7F
_Lcd_WriteChar              text26       03ED
_Lcd_WriteString            text25       0C0D
_OPTION_REGbits             (abs)        0081
_PORTBbits                  (abs)        0006
_PORTD                      (abs)        0008
_PR2                        (abs)        0092
_PulseEnable                text31       0C5D
_SetBit                     text32       0C33
_T2CON                      (abs)        0012
_TMR0                       (abs)        0001
_TRISBbits                  (abs)        0086
_TRISC                      (abs)        0087
_TRISD                      (abs)        0088
__H__absolute__             __absolute__ 0000
__Habs1                     abs1         0000
__Hbank0                    bank0        0000
__Hbank1                    bank1        0000
__Hbank2                    bank2        0000
__Hbank3                    bank3        0000
__HbssBANK0                 bssBANK0     0000
__HbssBANK1                 bssBANK1     0000
__Hcinit                    cinit        0800
__Hclrtext                  clrtext      0000
__Hcode                     code         0000
__Hcommon                   common       0000
__Hconfig                   config       2008
__HcstackBANK0              cstackBANK0  0000
__HcstackCOMMON             cstackCOMMON 0000
__HdataBANK1                dataBANK1    0000
__Heeprom_data              eeprom_data  0000
__Hend_init                 end_init     0003
__Hfunctab                  functab      0000
__Hheap                     heap         0000
__HidataBANK1               idataBANK1   0000
__Hinit                     init         0000
__Hinittext                 inittext     0000
__Hintentry                 intentry     0000
__Hmaintext                 maintext     0000
__Hpowerup                  powerup      0000
__Hram                      ram          0000
__Hreset_vec                reset_vec    0000
__Hsfr0                     sfr0         0000
__Hsfr1                     sfr1         0000
__Hsfr2                     sfr2         0000
__Hsfr3                     sfr3         0000
__Hspace_0                  (abs)        1000
__Hspace_1                  (abs)        00CC
__Hspace_2                  (abs)        0000
__Hspace_3                  (abs)        0000
__Hspace_4                  (abs)        400F
__Hstack                    stack        0000
__Hstrings                  strings      0000
__Htext                     text         0000
__L__absolute__             __absolute__ 0000
__Labs1                     abs1         0000
__Lbank0                    bank0        0000
__Lbank1                    bank1        0000
__Lbank2                    bank2        0000
__Lbank3                    bank3        0000
__LbssBANK0                 bssBANK0     0000
__LbssBANK1                 bssBANK1     0000
__Lcinit                    cinit        07E7
__Lclrtext                  clrtext      0000
__Lcode                     code         0000
__Lcommon                   common       0000
__Lconfig                   config       0000
__LcstackBANK0              cstackBANK0  0000
__LcstackCOMMON             cstackCOMMON 0000
__LdataBANK1                dataBANK1    0000
__Leeprom_data              eeprom_data  0000
__Lend_init                 end_init     0000
__Lfunctab                  functab      0000
__Lheap                     heap         0000
__LidataBANK1               idataBANK1   0000
__Linit                     init         0000
__Linittext                 inittext     0000
__Lintentry                 intentry     0000
__Lmaintext                 maintext     0000
__Lpowerup                  powerup      0000
__Lram                      ram          0000
__Lreset_vec                reset_vec    0000
__Lsfr0                     sfr0         0000
__Lsfr1                     sfr1         0000
__Lsfr2                     sfr2         0000
__Lsfr3                     sfr3         0000
__Lspace_0                  (abs)        0000
__Lspace_1                  (abs)        0000
__Lspace_2                  (abs)        0000
__Lspace_3                  (abs)        0000
__Lspace_4                  (abs)        0000
__Lstack                    stack        0000
__Lstrings                  strings      0000
__Ltext                     text         0000
__S0                        (abs)        1000
__S1                        (abs)        00CC
__S3                        (abs)        0000
__Umul8_16                  text24       0BA2
__Umul8_16@multiplicand     cstackCOMMON 0070
__Umul8_16@multiplier       cstackCOMMON 0078
__Umul8_16@product          cstackCOMMON 0074
__Umul8_16@word_mpld        cstackCOMMON 0076
___aldiv                    text16       0ED9
___aldiv@counter            cstackBANK0  0028
___aldiv@dividend           cstackBANK0  0024
___aldiv@divisor            cstackBANK0  0020
___aldiv@quotient           cstackBANK0  002A
___aldiv@sign               cstackBANK0  0029
___flmul                    text23       050E
___flmul@a                  cstackBANK0  0024
___flmul@aexp               cstackBANK0  002E
___flmul@b                  cstackBANK0  0020
___flmul@bexp               cstackBANK0  0033
___flmul@grs                cstackBANK0  002F
___flmul@prod               cstackBANK0  0034
___flmul@sign               cstackBANK0  002D
___flmul@temp               cstackBANK0  0038
___fltol                    text22       0E72
___fltol@exp1               cstackBANK0  0043
___fltol@f1                 cstackBANK0  003A
___fltol@sign1              cstackBANK0  0042
___heap_hi                  (abs)        0000
___heap_lo                  (abs)        0000
___int_sp                   stack        0000
___int_stack_hi             stack        0000
___int_stack_lo             stack        0000
___latbits                  (abs)        0002
___lmul                     text15       0D3B
___lmul@multiplicand        cstackCOMMON 0074
___lmul@multiplier          cstackCOMMON 0070
___lmul@product             cstackCOMMON 0079
___lwdiv                    text10       0CC1
___lwdiv@counter            cstackCOMMON 0077
___lwdiv@dividend           cstackCOMMON 0072
___lwdiv@divisor            cstackCOMMON 0070
___lwdiv@quotient           cstackCOMMON 0075
___lwmod                    text9        0C8F
___lwmod@counter            cstackCOMMON 0075
___lwmod@dividend           cstackCOMMON 0072
___lwmod@divisor            cstackCOMMON 0070
___sp                       stack        0000
___stack_hi                 stack        0000
___stack_lo                 stack        0000
___stackhi                  (abs)        0000
___stacklo                  (abs)        0000
___wmul                     text12       0B5E
___wmul@multiplicand        cstackCOMMON 0072
___wmul@multiplier          cstackCOMMON 0070
___wmul@product             cstackCOMMON 0074
___xxtofl                   text21       0126
___xxtofl@arg               cstackCOMMON 007A
___xxtofl@exp               cstackCOMMON 0079
___xxtofl@sign              cstackCOMMON 0078
___xxtofl@val               cstackCOMMON 0070
__end_of_Lcd_Clear          text29       001B
__end_of_Lcd_Command        text30       03ED
__end_of_Lcd_Init           text28       0086
__end_of_Lcd_SetCursor      text27       0BA2
__end_of_Lcd_WriteChar      text26       050E
__end_of_Lcd_WriteString    text25       0C33
__end_of_PulseEnable        text31       0C8F
__end_of_SetBit             text32       0C5D
__end_of__Umul8_16          text24       0BC5
__end_of___aldiv            text16       0F66
__end_of___flmul            text23       07E7
__end_of___fltol            text22       0ED9
__end_of___lmul             text15       0D7A
__end_of___lwdiv            text10       0CFD
__end_of___lwmod            text9        0CC1
__end_of___wmul             text12       0B7F
__end_of___xxtofl           text21       01C7
__end_of__initialization    cinit        07FC
__end_of__stringtab         strings      0810
__end_of_countPulses        text20       0BE8
__end_of_fputc              text7        0DC5
__end_of_fputs              text6        0C0D
__end_of_initADC            text19       0B19
__end_of_initPWM            text18       0B0C
__end_of_initRPM            text17       0AF5
__end_of_main               maintext     02CD
__end_of_map                text14       0126
__end_of_pad                text5        0D3B
__end_of_putch              text8        0007
__end_of_readADC            text13       0B00
__end_of_read_prec_or_width text11       0E17
__end_of_sprintf            text1        0B43
__end_of_utoa               text4        0E72
__end_of_vfpfcnvrt          text3        1000
__end_of_vfprintf           text2        0B5E
__initialization            cinit        07E7
__pbssBANK0                 bssBANK0     006E
__pbssBANK1                 bssBANK1     00A0
__pcstackBANK0              cstackBANK0  0020
__pcstackCOMMON             cstackCOMMON 0070
__pdataBANK1                dataBANK1    00C4
__pidataBANK1               idataBANK1   0AE2
__pmaintext                 maintext     01C7
__pstrings                  strings      0800
__ptext1                    text1        0B2A
__ptext10                   text10       0CC1
__ptext11                   text11       0DC5
__ptext12                   text12       0B5E
__ptext13                   text13       0AF5
__ptext14                   text14       0086
__ptext15                   text15       0D3B
__ptext16                   text16       0ED9
__ptext17                   text17       0AEA
__ptext18                   text18       0B00
__ptext19                   text19       0B0C
__ptext2                    text2        0B43
__ptext20                   text20       0BC5
__ptext21                   text21       0126
__ptext22                   text22       0E72
__ptext23                   text23       050E
__ptext24                   text24       0BA2
__ptext25                   text25       0C0D
__ptext26                   text26       03ED
__ptext27                   text27       0B7F
__ptext28                   text28       001B
__ptext29                   text29       0007
__ptext3                    text3        0F66
__ptext30                   text30       02CD
__ptext31                   text31       0C5D
__ptext32                   text32       0C33
__ptext4                    text4        0E17
__ptext5                    text5        0CFD
__ptext6                    text6        0BE8
__ptext7                    text7        0D7A
__ptext8                    text8        0006
__ptext9                    text9        0C8F
__stringbase                strings      080F
__stringtab                 strings      0800
_countPulses                text20       0BC5
_dbuf                       bssBANK1     00A4
_flags                      bssBANK0     006E
_fputc                      text7        0D7A
_fputs                      text6        0BE8
_initADC                    text19       0B0C
_initPWM                    text18       0B00
_initRPM                    text17       0AEA
_main                       maintext     01C7
_map                        text14       0086
_pad                        text5        0CFD
_prec                       bssBANK1     00A2
_putch                      text8        0006
_readADC                    text13       0AF5
_read_prec_or_width         text11       0DC5
_sprintf                    text1        0B2A
_utoa                       text4        0E17
_vfpfcnvrt                  text3        0F66
_vfprintf                   text2        0B43
_width                      bssBANK1     00A0
btemp                       (abs)        007E
clear_ram0                  clrtext      0ADA
countPulses@currentState    cstackCOMMON 0075
countPulses@lastState       cstackCOMMON 0074
countPulses@pulseCount      cstackCOMMON 0072
end_of_initialization       cinit        07FC
fputc@c                     cstackCOMMON 0070
fputc@fp                    cstackCOMMON 0072
fputs@c                     cstackBANK0  0020
fputs@fp                    cstackCOMMON 0078
fputs@i                     cstackBANK0  0021
fputs@s                     cstackBANK0  0023
init_fetch0                 inittext     0B19
init_ram0                   inittext     0B1D
intlevel0                   functab      0000
intlevel1                   functab      0000
intlevel2                   functab      0000
intlevel3                   functab      0000
intlevel4                   functab      0000
intlevel5                   functab      0000
main@F1791                  dataBANK1    00C4
main@adcResult              cstackBANK0  0060
main@fanRPM                 cstackBANK0  0064
main@lcd                    cstackBANK0  0066
main@pulses                 cstackBANK0  0062
main@rpm                    cstackBANK0  0056
map@in_max                  cstackBANK0  0036
map@in_min                  cstackBANK0  0032
map@out_max                 cstackBANK0  003E
map@out_min                 cstackBANK0  003A
map@x                       cstackBANK0  002E
pad@buf                     cstackCOMMON 007B
pad@fp                      cstackBANK0  0027
pad@i                       cstackBANK0  0025
pad@p                       cstackCOMMON 007C
read_prec_or_width@ap       cstackCOMMON 0076
read_prec_or_width@c        cstackCOMMON 0079
read_prec_or_width@fmt      cstackCOMMON 007C
read_prec_or_width@n        cstackCOMMON 007A
reset_vec                   reset_vec    0000
sprintf@ap                  cstackBANK0  0042
sprintf@f                   cstackBANK0  0044
sprintf@fmt                 cstackBANK0  003E
sprintf@s                   cstackBANK0  0043
start                       init         0000
start_initialization        cinit        07E7
utoa@d                      cstackBANK0  0028
utoa@fp                     cstackBANK0  002C
utoa@i                      cstackBANK0  002E
utoa@p                      cstackBANK0  002D
utoa@w                      cstackBANK0  002A
vfpfcnvrt@ap                cstackBANK0  0031
vfpfcnvrt@convarg           cstackBANK0  0034
vfpfcnvrt@cp                cstackBANK0  0039
vfpfcnvrt@fmt               cstackBANK0  0030
vfpfcnvrt@fp                cstackBANK0  0038
vfprintf@ap                 cstackBANK0  003B
vfprintf@cfmt               cstackBANK0  003D
vfprintf@fmt                cstackBANK0  003A
vfprintf@fp                 cstackBANK0  003C
wtemp0                      (abs)        007E


MODULE INFORMATION

Module		Function		Class		Link	Load	Size
/Applications/microchip/xc8/v2.45/pic/sources/c99/common/Umul8_16.c
		__Umul8_16     		CODE           	0BA2	0000	35

/Applications/microchip/xc8/v2.45/pic/sources/c99/common/Umul8_16.c estimated size: 35

/Applications/microchip/xc8/v2.45/pic/sources/c99/common/sprcmul.c
		___flmul       		CODE           	050E	0000	729

/Applications/microchip/xc8/v2.45/pic/sources/c99/common/sprcmul.c estimated size: 729

/Applications/microchip/xc8/v2.45/pic/sources/c99/common/nf_fputc.c
		_fputc         		CODE           	0D7A	0000	75

/Applications/microchip/xc8/v2.45/pic/sources/c99/common/nf_fputc.c estimated size: 75

/Applications/microchip/xc8/v2.45/pic/sources/c99/common/lwmod.c
		___lwmod       		CODE           	0C8F	0000	50

/Applications/microchip/xc8/v2.45/pic/sources/c99/common/lwmod.c estimated size: 50

/Applications/microchip/xc8/v2.45/pic/sources/c99/common/Umul16.c
		___wmul        		CODE           	0B5E	0000	33

/Applications/microchip/xc8/v2.45/pic/sources/c99/common/Umul16.c estimated size: 33

/Applications/microchip/xc8/v2.45/pic/sources/c99/common/nf_sprintf.c
		_sprintf       		CODE           	0B2A	0000	25

/Applications/microchip/xc8/v2.45/pic/sources/c99/common/nf_sprintf.c estimated size: 25

/Applications/microchip/xc8/v2.45/pic/sources/c99/common/putch.c
		_putch         		CODE           	0006	0000	1

/Applications/microchip/xc8/v2.45/pic/sources/c99/common/putch.c estimated size: 1

newmain.c
		_countPulses   		CODE           	0BC5	0000	35
		_map           		CODE           	0086	0000	160
		_main          		CODE           	01C7	0000	262
		_initRPM       		CODE           	0AEA	0000	11
		_initPWM       		CODE           	0B00	0000	12
		_initADC       		CODE           	0B0C	0000	13
		_readADC       		CODE           	0AF5	0000	11

newmain.c estimated size: 504

/Applications/microchip/xc8/v2.45/pic/sources/c99/common/Umul32.c
		___lmul        		CODE           	0D3B	0000	63

/Applications/microchip/xc8/v2.45/pic/sources/c99/common/Umul32.c estimated size: 63

../../pic16flcd.c
		_Lcd_WriteChar 		CODE           	03ED	0000	289
		_Lcd_Init      		CODE           	001B	0000	107
		_Lcd_Command   		CODE           	02CD	0000	288
		_Lcd_SetCursor 		CODE           	0B7F	0000	35
		_Lcd_WriteString		CODE           	0C0D	0000	38
		_Lcd_Clear     		CODE           	0007	0000	20
		_SetBit        		CODE           	0C33	0000	42
		_PulseEnable   		CODE           	0C5D	0000	50

../../pic16flcd.c estimated size: 869

/Applications/microchip/xc8/v2.45/pic/sources/c99/common/lwdiv.c
		___lwdiv       		CODE           	0CC1	0000	60

/Applications/microchip/xc8/v2.45/pic/sources/c99/common/lwdiv.c estimated size: 60

/Applications/microchip/xc8/v2.45/pic/sources/c99/common/xxtofl.c
		___xxtofl      		CODE           	0126	0000	161

/Applications/microchip/xc8/v2.45/pic/sources/c99/common/xxtofl.c estimated size: 161

/Applications/microchip/xc8/v2.45/pic/sources/c99/common/fltol.c
		___fltol       		CODE           	0E72	0000	103

/Applications/microchip/xc8/v2.45/pic/sources/c99/common/fltol.c estimated size: 103

shared
		__stringtab    		STRING         	0800	0000	16
		__initialization		CODE           	07E7	0000	21

shared estimated size: 37

/Applications/microchip/xc8/v2.45/pic/sources/c99/common/nf_fputs.c
		_fputs         		CODE           	0BE8	0000	37

/Applications/microchip/xc8/v2.45/pic/sources/c99/common/nf_fputs.c estimated size: 37

/Applications/microchip/xc8/v2.45/pic/sources/c99/common/doprnt.c
		_read_prec_or_width		CODE           	0DC5	0000	82
		_vfpfcnvrt     		CODE           	0F66	0000	154
		_pad           		CODE           	0CFD	0000	62
		_vfprintf      		CODE           	0B43	0000	27
		_utoa          		CODE           	0E17	0000	91

/Applications/microchip/xc8/v2.45/pic/sources/c99/common/doprnt.c estimated size: 416

/Applications/microchip/xc8/v2.45/pic/sources/c99/common/aldiv.c
		___aldiv       		CODE           	0ED9	0000	141

/Applications/microchip/xc8/v2.45/pic/sources/c99/common/aldiv.c estimated size: 141

