Microchip MPLAB XC8 Compiler V2.45

Linker command line:

-W-3 \
  --edf=C:/Users/ricar/.mchp_packs/Microchip/PIC16Fxxx_DFP/1.6.156/xc8\pic\dat\20231012211500_en.msgs \
  -cn -h+dist/default/production\PIC16F876A_LCD.X.production.sym \
  --cmf=dist/default/production\PIC16F876A_LCD.X.production.cmf -z \
  -Q16F876A -oC:\Users\ricar\AppData\Local\Temp\xcAsdrc.\driver_tmp_3.o \
  --defsym=__MPLAB_BUILD=1 --fixupoverflow=error \
  -Mdist/default/production/PIC16F876A_LCD.X.production.map \
  --md=C:\Users\ricar\AppData\Local\Temp\xcAsdrc.\driver_tmp_0.dat -E1 \
  -ver=XC8 Compiler --acfsm=1493 -ACODE=00h-07FFhx4 -ASTRCODE=00h-01FFFh \
  -ASTRING=00h-0FFhx32 -ACONST=00h-0FFhx32 -AENTRY=00h-0FFhx32 \
  -ACOMMON=070h-07Fh -ABANK0=020h-06Fh -ABANK1=0A0h-0EFh \
  -ABANK2=0110h-016Fh -ABANK3=0190h-01EFh \
  -ARAM=020h-06Fh,0A0h-0EFh,0110h-016Fh,0190h-01EFh \
  -AABS1=020h-07Fh,0A0h-0EFh,0110h-016Fh,0190h-01EFh -ASFR0=00h-01Fh \
  -ASFR1=080h-09Fh -ASFR2=0100h-010Fh -ASFR3=0180h-018Fh \
  -ACONFIG=02007h-02007h -DCONFIG=2 -AIDLOC=02000h-02003h -DIDLOC=2 \
  -AEEDATA=00h-0FFh/02100h -peeprom_data=EEDATA -DEEDATA=2 -DCODE=2 \
  -DSTRCODE=2 -DSTRING=2 -DCONST=2 -DENTRY=2 \
  -preset_vec=00h,intentry,init,end_init -ppowerup=CODE -pcinit=CODE \
  -pfunctab=ENTRY -k \
  C:\Users\ricar\AppData\Local\Temp\xcAsdrc.\driver_tmp_12.o \
  dist/default/production\PIC16F876A_LCD.X.production.o 

Object code version is 3.11

Machine type is 16F876A



                Name                               Link     Load   Length Selector   Space Scale
C:\Users\ricar\AppData\Local\Temp\xcAsdrc.\driver_tmp_12.o
                end_init                              0        0        3        0       0
                config                             2007     2007        1        0       4
dist/default/production\PIC16F876A_LCD.X.production.o
                cinit                               7EE      7EE       12      FDC       0
                config                             2007     2007        1        0       4
                text8                               47D      47D       2C      8FA       0
                text7                               4A9      4A9       34      952       0
                text6                               599      599      12A      B32       0
                text5                               41F      41F       15      83E       0
                text4                               52B      52B       6E      A56       0
                text3                               455      455       28      8AA       0
                text2                               6C3      6C3      12B      D86       0
                text1                               434      434       21      868       0
                maintext                            4DD      4DD       4E      9BA       0
                cstackBANK0                          20       20       10       20       1
                cstackCOMMON                         70       70        E       70       1
                inittext                            40C      40C       13      818       0
                dataBANK0                            30       30        8       20       1
                strings                               3        3       12        6       0
                idataBANK0                          404      404        8      808       0

TOTAL           Name                               Link     Load   Length     Space
        CLASS   CODE           
                end_init                              0        0        3         0
                cinit                               7EE      7EE       12         0
                text8                               47D      47D       2C         0
                text7                               4A9      4A9       34         0
                text6                               599      599      12A         0
                text5                               41F      41F       15         0
                text4                               52B      52B       6E         0
                text3                               455      455       28         0
                text2                               6C3      6C3      12B         0
                text1                               434      434       21         0
                maintext                            4DD      4DD       4E         0
                inittext                            40C      40C       13         0
                idataBANK0                          404      404        8         0

        CLASS   STRCODE        

        CLASS   STRING         
                strings                               3        3       12         0

        CLASS   CONST          

        CLASS   ENTRY          

        CLASS   COMMON         
                cstackCOMMON                         70       70        E         1

        CLASS   BANK0          
                cstackBANK0                          20       20       10         1
                dataBANK0                            30       30        8         1

        CLASS   BANK1          

        CLASS   BANK2          

        CLASS   BANK3          

        CLASS   RAM            

        CLASS   ABS1           
                abs_s1                               7E       7E        2         1

        CLASS   SFR0           

        CLASS   SFR1           

        CLASS   SFR2           

        CLASS   SFR3           

        CLASS   CONFIG         
                config                             2007     2007        1         4

        CLASS   IDLOC          

        CLASS   EEDATA         

        CLASS   HEAP           

        CLASS   STACK          



SEGMENTS        Name                           Load    Length   Top    Selector   Space  Class     Delta

                reset_vec                      000000  000003  000003         0       0  CODE        2
                strings                        000003  000012  000015         6       0  STRING      2
                cstackBANK0                    000020  000018  000038        20       1  BANK0       1
                cstackCOMMON                   000070  00000E  00007E        70       1  COMMON      1
                idataBANK0                     000404  000008  00040C       808       0  CODE        2
                inittext                       00040C  000013  00041F       818       0  CODE        2
                text5                          00041F  000015  000434       83E       0  CODE        2
                text1                          000434  000021  000455       868       0  CODE        2
                text3                          000455  000028  00047D       8AA       0  CODE        2
                text8                          00047D  00002C  0004A9       8FA       0  CODE        2
                text7                          0004A9  000034  0004DD       952       0  CODE        2
                maintext                       0004DD  00004E  00052B       9BA       0  CODE        2
                text4                          00052B  00006E  000599       A56       0  CODE        2
                text6                          000599  00012A  0006C3       B32       0  CODE        2
                text2                          0006C3  00012B  0007EE       D86       0  CODE        2
                cinit                          0007EE  000012  000800       FDC       0  CODE        2


UNUSED ADDRESS RANGES

        Name                Unused          Largest block    Delta
        BANK0            0038-006F             38           1
        BANK1            00A0-00EF             50           1
        BANK2            0110-016F             60           1
        BANK3            0190-01EF             60           1
        CODE             0015-0403            3EF           2
                         0800-1FFF            800
        CONST            0015-0403            100           2
                         0800-1FFF            100
        EEDATA           2100-21FF            100           2
        ENTRY            0015-0403            100           2
                         0800-1FFF            100
        IDLOC            2000-2003              4           2
        RAM              0038-006F             38           1
                         00A0-00EF             50
                         0110-016F             60
                         0190-01EF             60
        SFR0             0000-001F             20           1
        SFR1             0080-009F             20           1
        SFR2             0100-010F             10           1
        SFR3             0180-018F             10           1
        STRCODE          0015-0403            3EF           2
                         0800-1FFF           1800
        STRING           0015-0403            100           2
                         0800-1FFF            100

                                  Symbol Table

Lcd_Clear@config         cstackBANK0  0020
Lcd_Command@cmd          cstackCOMMON 0078
Lcd_Command@config       cstackCOMMON 007B
Lcd_Init@config          cstackBANK0  0023
Lcd_SetCursor@address    cstackBANK0  0023
Lcd_SetCursor@column     cstackCOMMON 007D
Lcd_SetCursor@config     cstackBANK0  0022
Lcd_SetCursor@row        cstackCOMMON 007C
Lcd_WriteChar@config     cstackCOMMON 007B
Lcd_WriteChar@data       cstackCOMMON 0078
Lcd_WriteString@config   cstackCOMMON 007D
Lcd_WriteString@str      cstackCOMMON 007C
PulseEnable@config       cstackCOMMON 0077
SetBit@pin               cstackCOMMON 0072
SetBit@port              cstackCOMMON 0070
SetBit@value             cstackCOMMON 0073
_Lcd_Clear               text5        041F
_Lcd_Command             text6        0599
_Lcd_Init                text4        052B
_Lcd_SetCursor           text3        0455
_Lcd_WriteChar           text2        06C3
_Lcd_WriteString         text1        0434
_PORTC                   (abs)        0007
_PulseEnable             text7        04A9
_SetBit                  text8        047D
_TRISC                   (abs)        0087
__H__absolute__          __absolute__ 0000
__Habs1                  abs1         0000
__Hbank0                 bank0        0000
__Hbank1                 bank1        0000
__Hbank2                 bank2        0000
__Hbank3                 bank3        0000
__Hcinit                 cinit        0800
__Hclrtext               clrtext      0000
__Hcode                  code         0000
__Hcommon                common       0000
__Hconfig                config       2008
__HcstackBANK0           cstackBANK0  0000
__HcstackCOMMON          cstackCOMMON 0000
__HdataBANK0             dataBANK0    0000
__Heeprom_data           eeprom_data  0000
__Hend_init              end_init     0003
__Hfunctab               functab      0000
__Hheap                  heap         0000
__HidataBANK0            idataBANK0   0000
__Hinit                  init         0000
__Hinittext              inittext     0000
__Hintentry              intentry     0000
__Hmaintext              maintext     0000
__Hpowerup               powerup      0000
__Hram                   ram          0000
__Hreset_vec             reset_vec    0000
__Hsfr0                  sfr0         0000
__Hsfr1                  sfr1         0000
__Hsfr2                  sfr2         0000
__Hsfr3                  sfr3         0000
__Hspace_0               (abs)        0800
__Hspace_1               (abs)        007E
__Hspace_2               (abs)        0000
__Hspace_3               (abs)        0000
__Hspace_4               (abs)        400F
__Hstack                 stack        0000
__Hstrings               strings      0000
__Htext                  text         0000
__L__absolute__          __absolute__ 0000
__Labs1                  abs1         0000
__Lbank0                 bank0        0000
__Lbank1                 bank1        0000
__Lbank2                 bank2        0000
__Lbank3                 bank3        0000
__Lcinit                 cinit        07EE
__Lclrtext               clrtext      0000
__Lcode                  code         0000
__Lcommon                common       0000
__Lconfig                config       0000
__LcstackBANK0           cstackBANK0  0000
__LcstackCOMMON          cstackCOMMON 0000
__LdataBANK0             dataBANK0    0000
__Leeprom_data           eeprom_data  0000
__Lend_init              end_init     0000
__Lfunctab               functab      0000
__Lheap                  heap         0000
__LidataBANK0            idataBANK0   0000
__Linit                  init         0000
__Linittext              inittext     0000
__Lintentry              intentry     0000
__Lmaintext              maintext     0000
__Lpowerup               powerup      0000
__Lram                   ram          0000
__Lreset_vec             reset_vec    0000
__Lsfr0                  sfr0         0000
__Lsfr1                  sfr1         0000
__Lsfr2                  sfr2         0000
__Lsfr3                  sfr3         0000
__Lspace_0               (abs)        0000
__Lspace_1               (abs)        0000
__Lspace_2               (abs)        0000
__Lspace_3               (abs)        0000
__Lspace_4               (abs)        0000
__Lstack                 stack        0000
__Lstrings               strings      0000
__Ltext                  text         0000
__S0                     (abs)        0800
__S1                     (abs)        007E
__S3                     (abs)        0000
___heap_hi               (abs)        0000
___heap_lo               (abs)        0000
___int_sp                stack        0000
___int_stack_hi          stack        0000
___int_stack_lo          stack        0000
___latbits               (abs)        0002
___sp                    stack        0000
___stack_hi              stack        0000
___stack_lo              stack        0000
___stackhi               (abs)        0000
___stacklo               (abs)        0000
__end_of_Lcd_Clear       text5        0434
__end_of_Lcd_Command     text6        06C3
__end_of_Lcd_Init        text4        0599
__end_of_Lcd_SetCursor   text3        047D
__end_of_Lcd_WriteChar   text2        07EE
__end_of_Lcd_WriteString text1        0455
__end_of_PulseEnable     text7        04DD
__end_of_SetBit          text8        04A9
__end_of__initialization cinit        07FC
__end_of__stringtab      strings      0009
__end_of_main            maintext     052B
__initialization         cinit        07EE
__pcstackBANK0           cstackBANK0  0020
__pcstackCOMMON          cstackCOMMON 0070
__pdataBANK0             dataBANK0    0030
__pidataBANK0            idataBANK0   0404
__pmaintext              maintext     04DD
__pstrings               strings      0003
__ptext1                 text1        0434
__ptext2                 text2        06C3
__ptext3                 text3        0455
__ptext4                 text4        052B
__ptext5                 text5        041F
__ptext6                 text6        0599
__ptext7                 text7        04A9
__ptext8                 text8        047D
__stringbase             strings      0008
__stringtab              strings      0003
_main                    maintext     04DD
btemp                    (abs)        007E
end_of_initialization    cinit        07FC
init_fetch0              inittext     040C
init_ram0                inittext     0410
intlevel0                functab      0000
intlevel1                functab      0000
intlevel2                functab      0000
intlevel3                functab      0000
intlevel4                functab      0000
intlevel5                functab      0000
main@F952                dataBANK0    0030
main@lcd                 cstackBANK0  0028
reset_vec                reset_vec    0000
start                    init         0000
start_initialization     cinit        07EE
wtemp0                   (abs)        007E


MODULE INFORMATION

Module		Function		Class		Link	Load	Size
newmain.c
		_main          		CODE           	04DD	0000	78

newmain.c estimated size: 78

../../../pic16flcd.c
		_Lcd_WriteChar 		CODE           	06C3	0000	299
		_Lcd_Init      		CODE           	052B	0000	110
		_Lcd_Command   		CODE           	0599	0000	298
		_Lcd_SetCursor 		CODE           	0455	0000	40
		_Lcd_WriteString		CODE           	0434	0000	33
		_Lcd_Clear     		CODE           	041F	0000	21
		_SetBit        		CODE           	047D	0000	44
		_PulseEnable   		CODE           	04A9	0000	52

../../../pic16flcd.c estimated size: 897

shared
		__stringtab    		STRING         	0003	0000	6
		__initialization		CODE           	07EE	0000	14

shared estimated size: 20

