Microchip MPLAB XC8 Compiler V2.45

Linker command line:

-W-3 \
  --edf=C:\Program Files\Microchip\xc8\v2.45\pic\dat\20230818022343_en.msgs \
  -cn -h+dist/default/production\TestLCD.X.production.sym \
  --cmf=dist/default/production\TestLCD.X.production.cmf -z -w9 \
  --disl=596:off --norlf -Q16F628A \
  -oC:\Users\ricar\AppData\Local\Temp\xcAsdno.\driver_tmp_3.o \
  --defsym=__MPLAB_BUILD=1 \
  -Mdist/default/production/TestLCD.X.production.map \
  --md=C:\Users\ricar\AppData\Local\Temp\xcAsdno.\driver_tmp_0.dat -E1 \
  -ver=XC8 Compiler --acfsm=1493 -ACODE=00h-07FFh -ASTRCODE=00h-07FFh \
  -ASTRING=00h-0FFhx8 -ACONST=00h-0FFhx8 -AENTRY=00h-0FFhx8 \
  -ACOMMON=070h-07Fh -ABANK0=020h-06Fh -ABANK1=0A0h-0EFh \
  -ABANK2=0120h-014Fh -ARAM=020h-06Fh,0A0h-0EFh,0120h-014Fh \
  -AABS1=020h-07Fh,0A0h-0EFh,0120h-014Fh -ASFR0=00h-01Fh -ASFR1=080h-09Fh \
  -ASFR2=0100h-011Fh -ASFR3=0180h-01EFh -ACONFIG=02007h-02007h -DCONFIG=2 \
  -AIDLOC=02000h-02003h -DIDLOC=2 -AEEDATA=00h-07Fh/02100h \
  -peeprom_data=EEDATA -DEEDATA=2 -DCODE=2 -DSTRCODE=2 -DSTRING=2 -DCONST=2 \
  -DENTRY=2 -preset_vec=00h,intentry,init,end_init -ppowerup=CODE \
  -pcinit=CODE -pfunctab=ENTRY -k \
  C:\Users\ricar\AppData\Local\Temp\xcAsdno.\driver_tmp_12.o \
  dist/default/production\TestLCD.X.production.o 

Object code version is 3.11

Machine type is 16F628A



                Name                               Link     Load   Length Selector   Space Scale
C:\Users\ricar\AppData\Local\Temp\xcAsdno.\driver_tmp_12.o
                end_init                              0        0        2        0       0
dist/default/production\TestLCD.X.production.o
                cinit                               7EE      7EE       12      FDC       0
                maintext                            7C9      7C9       25      F92       0
                cstackCOMMON                         70       70        C       70       1
                dataBANK0                            20       20        8       20       1
                strings                               2        2        F        4       0
                idataBANK0                          7C1      7C1        8      F82       0

TOTAL           Name                               Link     Load   Length     Space
        CLASS   CODE           
                end_init                              0        0        2         0
                cinit                               7EE      7EE       12         0
                maintext                            7C9      7C9       25         0
                idataBANK0                          7C1      7C1        8         0

        CLASS   STRCODE        

        CLASS   STRING         
                strings                               2        2        F         0

        CLASS   CONST          

        CLASS   ENTRY          

        CLASS   COMMON         
                cstackCOMMON                         70       70        C         1

        CLASS   BANK0          
                dataBANK0                            20       20        8         1

        CLASS   BANK1          

        CLASS   BANK2          

        CLASS   RAM            

        CLASS   ABS1           
                abs_s1                               7E       7E        2         1

        CLASS   SFR0           

        CLASS   SFR1           

        CLASS   SFR2           

        CLASS   SFR3           

        CLASS   CONFIG         

        CLASS   IDLOC          

        CLASS   EEDATA         

        CLASS   BANK3          

        CLASS   HEAP           

        CLASS   STACK          



SEGMENTS        Name                           Load    Length   Top    Selector   Space  Class     Delta

                reset_vec                      000000  000002  000002         0       0  CODE        2
                strings                        000002  00000F  000011         4       0  STRING      2
                dataBANK0                      000020  000008  000028        20       1  BANK0       1
                cstackCOMMON                   000070  00000C  00007C        70       1  COMMON      1
                idataBANK0                     0007C1  000008  0007C9       F82       0  CODE        2
                maintext                       0007C9  000025  0007EE       F92       0  CODE        2
                cinit                          0007EE  000012  000800       FDC       0  CODE        2


UNUSED ADDRESS RANGES

        Name                Unused          Largest block    Delta
        BANK0            0028-006F             48           1
        BANK1            00A0-00EF             50           1
        BANK2            0120-014F             30           1
        CODE             0011-07C0            7B0           2
        COMMON           007C-007D              2           1
        CONFIG           2007-2007              1           2
        CONST            0011-07C0            100           2
        EEDATA           2100-217F             80           2
        ENTRY            0011-07C0            100           2
        IDLOC            2000-2003              4           2
        RAM              0028-006F             48           1
                         00A0-00EF             50
                         0120-014F             30
        SFR0             0000-001F             20           1
        SFR1             0080-009F             20           1
        SFR2             0100-011F             20           1
        SFR3             0180-01EF             70           1
        STRCODE          0011-07C0            7B0           2
        STRING           0011-07C0            100           2

                                  Symbol Table

_Lcd_Clear                                
_Lcd_Init                                 
_Lcd_SetCursor                            
_Lcd_WriteString                          
__H__absolute__          __absolute__ 0000
__Habs1                  abs1         0000
__Hbank0                 bank0        0000
__Hbank1                 bank1        0000
__Hbank2                 bank2        0000
__Hbank3                 bank3        0000
__Hclrtext               clrtext      0000
__Hcode                  code         0000
__Hcommon                common       0000
__HcstackCOMMON          cstackCOMMON 0000
__HdataBANK0             dataBANK0    0000
__Heeprom_data           eeprom_data  0000
__Hfunctab               functab      0000
__Hheap                  heap         0000
__HidataBANK0            idataBANK0   0000
__Hinit                  init         0000
__Hintentry              intentry     0000
__Hmaintext              maintext     0000
__Hpowerup               powerup      0000
__Hram                   ram          0000
__Hreset_vec             reset_vec    0000
__Hsfr0                  sfr0         0000
__Hsfr1                  sfr1         0000
__Hsfr2                  sfr2         0000
__Hsfr3                  sfr3         0000
__Hspace_2               (abs)        0000
__Hspace_3               (abs)        0000
__Hstack                 stack        0000
__Hstrings               strings      0000
__Htext                  text         0000
__L__absolute__          __absolute__ 0000
__Labs1                  abs1         0000
__Lbank0                 bank0        0000
__Lbank1                 bank1        0000
__Lbank2                 bank2        0000
__Lbank3                 bank3        0000
__Lclrtext               clrtext      0000
__Lcode                  code         0000
__Lcommon                common       0000
__LcstackCOMMON          cstackCOMMON 0000
__LdataBANK0             dataBANK0    0000
__Leeprom_data           eeprom_data  0000
__Lend_init              end_init     0000
__Lfunctab               functab      0000
__Lheap                  heap         0000
__LidataBANK0            idataBANK0   0000
__Linit                  init         0000
__Lintentry              intentry     0000
__Lmaintext              maintext     0000
__Lpowerup               powerup      0000
__Lram                   ram          0000
__Lreset_vec             reset_vec    0000
__Lsfr0                  sfr0         0000
__Lsfr1                  sfr1         0000
__Lsfr2                  sfr2         0000
__Lsfr3                  sfr3         0000
__Lspace_0               (abs)        0000
__Lspace_1               (abs)        0000
__Lspace_2               (abs)        0000
__Lspace_3               (abs)        0000
__Lstack                 stack        0000
__Lstrings               strings      0000
__Ltext                  text         0000
__S3                     (abs)        0000
___heap_hi               (abs)        0000
___heap_lo               (abs)        0000
___int_sp                stack        0000
___int_stack_hi          stack        0000
___int_stack_lo          stack        0000
___latbits               (abs)        0000
___sp                    stack        0000
___stack_hi              stack        0000
___stack_lo              stack        0000
___stackhi               (abs)        0000
___stacklo               (abs)        0000
intlevel0                functab      0000
intlevel1                functab      0000
intlevel2                functab      0000
intlevel3                functab      0000
intlevel4                functab      0000
intlevel5                functab      0000
reset_vec                reset_vec    0000
start                    init         0000
__Hend_init              end_init     0002
__pstrings               strings      0002
__stringtab              strings      0002
__stringbase             strings      0007
__end_of__stringtab      strings      0008
__pdataBANK0             dataBANK0    0020
main@F652                dataBANK0    0020
_Lcd_Clear$0             cstackCOMMON 0070
_Lcd_Init$0              cstackCOMMON 0070
_Lcd_SetCursor$0         cstackCOMMON 0070
_Lcd_SetCursor$1         cstackCOMMON 0070
_Lcd_WriteString$0       cstackCOMMON 0070
_Lcd_WriteString$1       cstackCOMMON 0070
__pcstackCOMMON          cstackCOMMON 0070
_Lcd_SetCursor$2         cstackCOMMON 0071
__Hspace_1               (abs)        007C
__S1                     (abs)        007C
__Hspace_0               (abs)        0800
__S0                     (abs)        0800
__Lcinit                 cinit        07EE
__pidataBANK0            idataBANK0   07C1
__pmaintext              maintext     07C9
_main                    maintext     07C9
__end_of_main            maintext     07EE
__initialization         cinit        07EE
__end_of__initialization cinit        07FE
__Hcinit                 cinit        0800
btemp                    (abs)        007E
end_of_initialization    cinit        07FE
main@lcdConfig_16F628A   cstackCOMMON 0074
start_initialization     cinit        07EE
wtemp0                   (abs)        007E
