Microchip MPLAB XC8 Compiler V2.45

Linker command line:

-W-3 \
  --edf=/home/ricardo/.mchp_packs/Microchip/PIC16Fxxx_DFP/1.6.156/xc8/pic/dat/20231012211500_en.msgs \
  -cn -h+dist/default/production/PIC16F876A_LCD.X.production.sym \
  --cmf=dist/default/production/PIC16F876A_LCD.X.production.cmf -z \
  -Q16F876A -o/tmp/xcXpLMLcj/driver_tmp_3.o --defsym=__MPLAB_BUILD=1 \
  --fixupoverflow=error \
  -Mdist/default/production/PIC16F876A_LCD.X.production.map \
  --md=/tmp/xcXpLMLcj/driver_tmp_0.dat -E1 -ver=XC8 Compiler --acfsm=1493 \
  -ACODE=00h-07FFhx4 -ASTRCODE=00h-01FFFh -ASTRING=00h-0FFhx32 \
  -ACONST=00h-0FFhx32 -AENTRY=00h-0FFhx32 -ACOMMON=070h-07Fh \
  -ABANK0=020h-06Fh -ABANK1=0A0h-0EFh -ABANK2=0110h-016Fh \
  -ABANK3=0190h-01EFh -ARAM=020h-06Fh,0A0h-0EFh,0110h-016Fh,0190h-01EFh \
  -AABS1=020h-07Fh,0A0h-0EFh,0110h-016Fh,0190h-01EFh -ASFR0=00h-01Fh \
  -ASFR1=080h-09Fh -ASFR2=0100h-010Fh -ASFR3=0180h-018Fh \
  -ACONFIG=02007h-02007h -DCONFIG=2 -AIDLOC=02000h-02003h -DIDLOC=2 \
  -AEEDATA=00h-0FFh/02100h -peeprom_data=EEDATA -DEEDATA=2 -DCODE=2 \
  -DSTRCODE=2 -DSTRING=2 -DCONST=2 -DENTRY=2 \
  -preset_vec=00h,intentry,init,end_init -ppowerup=CODE -pcinit=CODE \
  -pfunctab=ENTRY -k /tmp/xcXpLMLcj/driver_tmp_12.o \
  dist/default/production/PIC16F876A_LCD.X.production.o 

Object code version is 3.11

Machine type is 16F876A



                Name                               Link     Load   Length Selector   Space Scale
/tmp/xcXpLMLcj/driver_tmp_12.o
                end_init                              0        0        3        0       0
                config                             2007     2007        1        0       4
dist/default/production/PIC16F876A_LCD.X.production.o
                cinit                               7EE      7EE       12      FDC       0
                config                             2007     2007        1        0       4
                text10                              306      306       2C      60C       0
                text9                               332      332       34      664       0
                text8                               40D      40D      12A      81A       0
                text7                               537      537      12B      A6E       0
                text6                               366      366       39      6CC       0
                text5                               28D      28D       14      51A       0
                text4                               39F      39F       6E      73E       0
                text3                               2DE      2DE       28      5BC       0
                text2                               26E      26E        C      4DC       0
                text1                               2B9      2B9       25      572       0
                maintext                            662      662      18C      CC4       0
                cstackBANK0                          38       38       13       20       1
                cstackCOMMON                         70       70        E       70       1
                inittext                            27A      27A       13      4F4       0
                dataBANK0                            20       20       18       20       1
                strings                               3        3       12        6       0
                idataBANK0                          2A1      2A1       18      542       0

TOTAL           Name                               Link     Load   Length     Space
        CLASS   CODE           
                end_init                              0        0        3         0
                cinit                               7EE      7EE       12         0
                text10                              306      306       2C         0
                text9                               332      332       34         0
                text8                               40D      40D      12A         0
                text7                               537      537      12B         0
                text6                               366      366       39         0
                text5                               28D      28D       14         0
                text4                               39F      39F       6E         0
                text3                               2DE      2DE       28         0
                text2                               26E      26E        C         0
                text1                               2B9      2B9       25         0
                maintext                            662      662      18C         0
                inittext                            27A      27A       13         0
                idataBANK0                          2A1      2A1       18         0

        CLASS   STRCODE        

        CLASS   STRING         
                strings                               3        3       12         0

        CLASS   CONST          

        CLASS   ENTRY          

        CLASS   COMMON         
                cstackCOMMON                         70       70        E         1

        CLASS   BANK0          
                cstackBANK0                          38       38       13         1
                dataBANK0                            20       20       18         1

        CLASS   BANK1          

        CLASS   BANK2          

        CLASS   BANK3          

        CLASS   RAM            

        CLASS   ABS1           
                abs_s1                               7E       7E        2         1

        CLASS   SFR0           

        CLASS   SFR1           

        CLASS   SFR2           

        CLASS   SFR3           

        CLASS   CONFIG         
                config                             2007     2007        1         4

        CLASS   IDLOC          

        CLASS   EEDATA         

        CLASS   HEAP           

        CLASS   STACK          



SEGMENTS        Name                           Load    Length   Top    Selector   Space  Class     Delta

                text3                          0002DE  000028  000306       5BC       0  CODE        2
                text1                          0002B9  000025  0002DE       572       0  CODE        2
                reset_vec                      000000  000003  000003         0       0  CODE        2
                text10                         000306  00002C  000332       60C       0  CODE        2
                text5                          00028D  000014  0002A1       51A       0  CODE        2
                idataBANK0                     0002A1  000018  0002B9       542       0  CODE        2
                text9                          000332  000034  000366       664       0  CODE        2
                text6                          000366  000039  00039F       6CC       0  CODE        2
                strings                        000003  000012  000015         6       0  STRING      2
                text2                          00026E  00000C  00027A       4DC       0  CODE        2
                inittext                       00027A  000013  00028D       4F4       0  CODE        2
                dataBANK0                      000020  00002B  00004B        20       1  BANK0       1
                cinit                          0007EE  000012  000800       FDC       0  CODE        2
                cstackCOMMON                   000070  00000E  00007E        70       1  COMMON      1
                text8                          00040D  00012A  000537       81A       0  CODE        2
                text4                          00039F  00006E  00040D       73E       0  CODE        2
                text7                          000537  00012B  000662       A6E       0  CODE        2
                maintext                       000662  00018C  0007EE       CC4       0  CODE        2


UNUSED ADDRESS RANGES

        Name                Unused          Largest block    Delta
        BANK0            004B-006F             25           1
        BANK1            00A0-00EF             50           1
        BANK2            0110-016F             60           1
        BANK3            0190-01EF             60           1
        CODE             0015-026D            259           2
                         0800-1FFF            800
        CONST            0015-026D            100           2
                         0800-1FFF            100
        EEDATA           2100-21FF            100           2
        ENTRY            0015-026D            100           2
                         0800-1FFF            100
        IDLOC            2000-2003              4           2
        RAM              004B-006F             25           1
                         00A0-00EF             50
                         0110-016F             60
                         0190-01EF             60
        SFR0             0000-001F             20           1
        SFR1             0080-009F             20           1
        SFR2             0100-010F             10           1
        SFR3             0180-018F             10           1
        STRCODE          0015-026D            259           2
                         0800-1FFF           1800
        STRING           0015-026D            100           2
                         0800-1FFF            100

                                  Symbol Table

Lcd_Clear@config              cstackCOMMON 007D
Lcd_Command@cmd               cstackCOMMON 0079
Lcd_Command@config            cstackCOMMON 007C
Lcd_CreateCustomChar@charmap  cstackBANK0  0039
Lcd_CreateCustomChar@config   cstackBANK0  003A
Lcd_CreateCustomChar@i        cstackBANK0  003B
Lcd_CreateCustomChar@location cstackBANK0  0038
Lcd_Init@config               cstackBANK0  003C
Lcd_SetCursor@address         cstackBANK0  003C
Lcd_SetCursor@column          cstackBANK0  0039
Lcd_SetCursor@config          cstackBANK0  003D
Lcd_SetCursor@row             cstackBANK0  0038
Lcd_WriteChar@config          cstackCOMMON 007C
Lcd_WriteChar@data            cstackCOMMON 0079
Lcd_WriteCustomChar@config    cstackBANK0  0038
Lcd_WriteCustomChar@location  cstackCOMMON 007D
Lcd_WriteString@config        cstackBANK0  0039
Lcd_WriteString@str           cstackCOMMON 007D
PulseEnable@config            cstackCOMMON 0078
SetBit@pin                    cstackCOMMON 0072
SetBit@port                   cstackCOMMON 0070
SetBit@value                  cstackCOMMON 0073
_Lcd_Clear                    text5        028D
_Lcd_Command                  text8        040D
_Lcd_CreateCustomChar         text6        0366
_Lcd_Init                     text4        039F
_Lcd_SetCursor                text3        02DE
_Lcd_WriteChar                text7        0537
_Lcd_WriteCustomChar          text2        026E
_Lcd_WriteString              text1        02B9
_PORTC                        (abs)        0007
_PulseEnable                  text9        0332
_SetBit                       text10       0306
_TRISC                        (abs)        0087
__H__absolute__               __absolute__ 0000
__Habs1                       abs1         0000
__Hbank0                      bank0        0000
__Hbank1                      bank1        0000
__Hbank2                      bank2        0000
__Hbank3                      bank3        0000
__Hcinit                      cinit        0800
__Hclrtext                    clrtext      0000
__Hcode                       code         0000
__Hcommon                     common       0000
__Hconfig                     config       2008
__HcstackBANK0                cstackBANK0  0000
__HcstackCOMMON               cstackCOMMON 0000
__HdataBANK0                  dataBANK0    0000
__Heeprom_data                eeprom_data  0000
__Hend_init                   end_init     0003
__Hfunctab                    functab      0000
__Hheap                       heap         0000
__HidataBANK0                 idataBANK0   0000
__Hinit                       init         0000
__Hinittext                   inittext     0000
__Hintentry                   intentry     0000
__Hmaintext                   maintext     0000
__Hpowerup                    powerup      0000
__Hram                        ram          0000
__Hreset_vec                  reset_vec    0000
__Hsfr0                       sfr0         0000
__Hsfr1                       sfr1         0000
__Hsfr2                       sfr2         0000
__Hsfr3                       sfr3         0000
__Hspace_0                    (abs)        0800
__Hspace_1                    (abs)        007E
__Hspace_2                    (abs)        0000
__Hspace_3                    (abs)        0000
__Hspace_4                    (abs)        400F
__Hstack                      stack        0000
__Hstrings                    strings      0000
__Htext                       text         0000
__L__absolute__               __absolute__ 0000
__Labs1                       abs1         0000
__Lbank0                      bank0        0000
__Lbank1                      bank1        0000
__Lbank2                      bank2        0000
__Lbank3                      bank3        0000
__Lcinit                      cinit        07EE
__Lclrtext                    clrtext      0000
__Lcode                       code         0000
__Lcommon                     common       0000
__Lconfig                     config       0000
__LcstackBANK0                cstackBANK0  0000
__LcstackCOMMON               cstackCOMMON 0000
__LdataBANK0                  dataBANK0    0000
__Leeprom_data                eeprom_data  0000
__Lend_init                   end_init     0000
__Lfunctab                    functab      0000
__Lheap                       heap         0000
__LidataBANK0                 idataBANK0   0000
__Linit                       init         0000
__Linittext                   inittext     0000
__Lintentry                   intentry     0000
__Lmaintext                   maintext     0000
__Lpowerup                    powerup      0000
__Lram                        ram          0000
__Lreset_vec                  reset_vec    0000
__Lsfr0                       sfr0         0000
__Lsfr1                       sfr1         0000
__Lsfr2                       sfr2         0000
__Lsfr3                       sfr3         0000
__Lspace_0                    (abs)        0000
__Lspace_1                    (abs)        0000
__Lspace_2                    (abs)        0000
__Lspace_3                    (abs)        0000
__Lspace_4                    (abs)        0000
__Lstack                      stack        0000
__Lstrings                    strings      0000
__Ltext                       text         0000
__S0                          (abs)        0800
__S1                          (abs)        007E
__S3                          (abs)        0000
___heap_hi                    (abs)        0000
___heap_lo                    (abs)        0000
___int_sp                     stack        0000
___int_stack_hi               stack        0000
___int_stack_lo               stack        0000
___latbits                    (abs)        0002
___sp                         stack        0000
___stack_hi                   stack        0000
___stack_lo                   stack        0000
___stackhi                    (abs)        0000
___stacklo                    (abs)        0000
__end_of_Lcd_Clear            text5        02A1
__end_of_Lcd_Command          text8        0537
__end_of_Lcd_CreateCustomChar text6        039F
__end_of_Lcd_Init             text4        040D
__end_of_Lcd_SetCursor        text3        0306
__end_of_Lcd_WriteChar        text7        0662
__end_of_Lcd_WriteCustomChar  text2        027A
__end_of_Lcd_WriteString      text1        02DE
__end_of_PulseEnable          text9        0366
__end_of_SetBit               text10       0332
__end_of__initialization      cinit        07FC
__end_of__stringtab           strings      0009
__end_of_main                 maintext     07EE
__initialization              cinit        07EE
__pcstackBANK0                cstackBANK0  0038
__pcstackCOMMON               cstackCOMMON 0070
__pdataBANK0                  dataBANK0    0020
__pidataBANK0                 idataBANK0   02A1
__pmaintext                   maintext     0662
__pstrings                    strings      0003
__ptext1                      text1        02B9
__ptext10                     text10       0306
__ptext2                      text2        026E
__ptext3                      text3        02DE
__ptext4                      text4        039F
__ptext5                      text5        028D
__ptext6                      text6        0366
__ptext7                      text7        0537
__ptext8                      text8        040D
__ptext9                      text9        0332
__stringbase                  strings      0008
__stringtab                   strings      0003
_main                         maintext     0662
_sad                          dataBANK0    0028
_smiley                       dataBANK0    0030
btemp                         (abs)        007E
end_of_initialization         cinit        07FC
init_fetch0                   inittext     027A
init_ram0                     inittext     027E
intlevel0                     functab      0000
intlevel1                     functab      0000
intlevel2                     functab      0000
intlevel3                     functab      0000
intlevel4                     functab      0000
intlevel5                     functab      0000
main@F963                     dataBANK0    0020
main@i                        cstackBANK0  0042
main@lcd                      cstackBANK0  0043
reset_vec                     reset_vec    0000
start                         init         0000
start_initialization          cinit        07EE
wtemp0                        (abs)        007E


MODULE INFORMATION

Module		Function		Class		Link	Load	Size
newmain.c
		_main          		CODE           	0662	0000	396

newmain.c estimated size: 396

../../pic16flcd.c
		_Lcd_WriteChar 		CODE           	0537	0000	299
		_Lcd_Init      		CODE           	039F	0000	110
		_Lcd_Command   		CODE           	040D	0000	298
		_Lcd_SetCursor 		CODE           	02DE	0000	40
		_Lcd_WriteString		CODE           	02B9	0000	37
		_Lcd_Clear     		CODE           	028D	0000	20
		_SetBit        		CODE           	0306	0000	44
		_PulseEnable   		CODE           	0332	0000	52
		_Lcd_CreateCustomChar		CODE           	0366	0000	57
		_Lcd_WriteCustomChar		CODE           	026E	0000	12

../../pic16flcd.c estimated size: 969

shared
		__stringtab    		STRING         	0003	0000	6
		__initialization		CODE           	07EE	0000	14

shared estimated size: 20

